Windows PowerShell
Copyright (C) Microsoft Corporation. All rights reserved.

Install the latest PowerShell for new features and improvements! https://aka.ms/PSWindows

PS C:\Users\msade> wsl ~
sadeed@sadeed:~$
sadeed@sadeed:~$
sadeed@sadeed:~$ cd /
sadeed@sadeed:/$ pwd
/
sadeed@sadeed:/$ cd ~
sadeed@sadeed:~$ pwd
/home/sadeed
sadeed@sadeed:~$ cd /
sadeed@sadeed:/$ ls
bin                boot  etc   init  lib.usr-is-merged  lost+found  mnt  proc  run   sbin.usr-is-merged  srv  tmp  var
bin.usr-is-merged  dev   home  lib   lib64              media       opt  root  sbin  snap                sys  usr
sadeed@sadeed:/$ ls -l
total 2796
lrwxrwxrwx   1 root root       7 Apr 22  2024 bin -> usr/bin
drwxr-xr-x   2 root root    4096 Feb 26  2024 bin.usr-is-merged
drwxr-xr-x   2 root root    4096 Apr 22  2024 boot
drwxr-xr-x  15 root root    3860 Feb  3 09:23 dev
drwxr-xr-x  88 root root    4096 Feb  3 09:23 etc
drwxr-xr-x   3 root root    4096 Feb  2 00:50 home
-rwxr-xr-x   1 root root 2781568 Dec 11 20:58 init
lrwxrwxrwx   1 root root       7 Apr 22  2024 lib -> usr/lib
drwxr-xr-x   2 root root    4096 Apr  8  2024 lib.usr-is-merged
lrwxrwxrwx   1 root root       9 Apr 22  2024 lib64 -> usr/lib64
drwx------   2 root root   16384 Feb  2 00:42 lost+found
drwxr-xr-x   2 root root    4096 Aug  5 12:55 media
drwxr-xr-x   6 root root    4096 Feb  2 01:15 mnt
drwxr-xr-x   2 root root    4096 Aug  5 12:55 opt
dr-xr-xr-x 385 root root       0 Feb  3 09:23 proc
drwx------   3 root root    4096 Aug  5 12:57 root
drwxr-xr-x  19 root root     560 Feb  3 09:23 run
lrwxrwxrwx   1 root root       8 Apr 22  2024 sbin -> usr/sbin
drwxr-xr-x   2 root root    4096 Mar 31  2024 sbin.usr-is-merged
drwxr-xr-x   2 root root    4096 Feb  2 00:42 snap
drwxr-xr-x   2 root root    4096 Aug  5 12:55 srv
dr-xr-xr-x  13 root root       0 Feb  3 09:23 sys
drwxrwxrwt   8 root root    4096 Feb  3 09:24 tmp
drwxr-xr-x  12 root root    4096 Aug  5 12:55 usr
drwxr-xr-x  13 root root    4096 Feb  2 00:42 var
sadeed@sadeed:/$ su
Password:
su: Authentication failure
sadeed@sadeed:/$ su /
su: user / does not exist or the user entry does not contain all the required fields
sadeed@sadeed:/$ su -
Password:
su: Authentication failure
sadeed@sadeed:/$ su -
Password:
su: Authentication failure
sadeed@sadeed:/$ su sadeed
Password:
sadeed@sadeed:/$
sadeed@sadeed:/$
sadeed@sadeed:/$ sudo apt update
[sudo] password for sadeed:
Hit:1 http://archive.ubuntu.com/ubuntu noble InRelease
Hit:2 http://archive.ubuntu.com/ubuntu noble-updates InRelease
Hit:3 http://archive.ubuntu.com/ubuntu noble-backports InRelease
Hit:4 http://security.ubuntu.com/ubuntu noble-security InRelease
Reading package lists... Done
Building dependency tree... Done
Reading state information... Done
67 packages can be upgraded. Run 'apt list --upgradable' to see them.
sadeed@sadeed:/$ exit
exit
sadeed@sadeed:/$ wsl -u root
Command 'wsl' not found, but can be installed with:
sudo apt install wsl
sadeed@sadeed:/$ exit
logout
PS C:\Users\msade> wsl -u root
root@sadeed:/mnt/c/Users/msade# ls /home
sadeed
root@sadeed:/mnt/c/Users/msade#
root@sadeed:/mnt/c/Users/msade#
root@sadeed:/mnt/c/Users/msade#
root@sadeed:/mnt/c/Users/msade# cd /
root@sadeed:/# ls -l
total 2796
lrwxrwxrwx   1 root root       7 Apr 22  2024 bin -> usr/bin
drwxr-xr-x   2 root root    4096 Feb 26  2024 bin.usr-is-merged
drwxr-xr-x   2 root root    4096 Apr 22  2024 boot
drwxr-xr-x  15 root root    3860 Feb  3 09:23 dev
drwxr-xr-x  88 root root    4096 Feb  3 09:39 etc
drwxr-xr-x   3 root root    4096 Feb  2 00:50 home
-rwxr-xr-x   1 root root 2781568 Dec 11 20:58 init
lrwxrwxrwx   1 root root       7 Apr 22  2024 lib -> usr/lib
drwxr-xr-x   2 root root    4096 Apr  8  2024 lib.usr-is-merged
lrwxrwxrwx   1 root root       9 Apr 22  2024 lib64 -> usr/lib64
drwx------   2 root root   16384 Feb  2 00:42 lost+found
drwxr-xr-x   2 root root    4096 Aug  5 12:55 media
drwxr-xr-x   6 root root    4096 Feb  2 01:15 mnt
drwxr-xr-x   2 root root    4096 Aug  5 12:55 opt
dr-xr-xr-x 348 root root       0 Feb  3 09:23 proc
drwx------   4 root root    4096 Feb  3 09:39 root
drwxr-xr-x  20 root root     640 Feb  3 09:39 run
lrwxrwxrwx   1 root root       8 Apr 22  2024 sbin -> usr/sbin
drwxr-xr-x   2 root root    4096 Mar 31  2024 sbin.usr-is-merged
drwxr-xr-x   2 root root    4096 Feb  2 00:42 snap
drwxr-xr-x   2 root root    4096 Aug  5 12:55 srv
dr-xr-xr-x  13 root root       0 Feb  3 09:25 sys
drwxrwxrwt   9 root root    4096 Feb  3 09:39 tmp
drwxr-xr-x  12 root root    4096 Aug  5 12:55 usr
drwxr-xr-x  13 root root    4096 Feb  2 00:42 var
root@sadeed:/# exir
Command 'exir' not found, did you mean:
  command 'exim' from deb exim4-daemon-heavy (4.97-4ubuntu4.3)
  command 'exim' from deb exim4-daemon-light (4.97-4ubuntu4.3)
  command 'exif' from deb exif (0.6.22-3)
  command 'xir' from deb libxir-utils (2.5-1build1)
  command 'exip' from deb exip (0.1.0-2ubuntu0.24.04.2)
  command 'expr' from deb coreutils (9.4-3ubuntu6.1)
Try: apt install <deb name>
root@sadeed:/# exit
logout
PS C:\Users\msade> wsl ~
sadeed@sadeed:~$ ls -l
total 0
sadeed@sadeed:~$ cd /
sadeed@sadeed:/$ ls -l
total 2796
lrwxrwxrwx   1 root root       7 Apr 22  2024 bin -> usr/bin
drwxr-xr-x   2 root root    4096 Feb 26  2024 bin.usr-is-merged
drwxr-xr-x   2 root root    4096 Apr 22  2024 boot
drwxr-xr-x  15 root root    3860 Feb  3 09:23 dev
drwxr-xr-x  88 root root    4096 Feb  3 09:40 etc
drwxr-xr-x   3 root root    4096 Feb  2 00:50 home
-rwxr-xr-x   1 root root 2781568 Dec 11 20:58 init
lrwxrwxrwx   1 root root       7 Apr 22  2024 lib -> usr/lib
drwxr-xr-x   2 root root    4096 Apr  8  2024 lib.usr-is-merged
lrwxrwxrwx   1 root root       9 Apr 22  2024 lib64 -> usr/lib64
drwx------   2 root root   16384 Feb  2 00:42 lost+found
drwxr-xr-x   2 root root    4096 Aug  5 12:55 media
drwxr-xr-x   6 root root    4096 Feb  2 01:15 mnt
drwxr-xr-x   2 root root    4096 Aug  5 12:55 opt
dr-xr-xr-x 348 root root       0 Feb  3 09:23 proc
drwx------   4 root root    4096 Feb  3 09:40 root
drwxr-xr-x  20 root root     640 Feb  3 09:39 run
lrwxrwxrwx   1 root root       8 Apr 22  2024 sbin -> usr/sbin
drwxr-xr-x   2 root root    4096 Mar 31  2024 sbin.usr-is-merged
drwxr-xr-x   2 root root    4096 Feb  2 00:42 snap
drwxr-xr-x   2 root root    4096 Aug  5 12:55 srv
dr-xr-xr-x  13 root root       0 Feb  3 09:25 sys
drwxrwxrwt   9 root root    4096 Feb  3 09:39 tmp
drwxr-xr-x  12 root root    4096 Aug  5 12:55 usr
drwxr-xr-x  13 root root    4096 Feb  2 00:42 var
sadeed@sadeed:/$ cd ~
sadeed@sadeed:~$ pwd
/home/sadeed
sadeed@sadeed:~$ cd /home/sadeed/
sadeed@sadeed:~$ cd ~
sadeed@sadeed:~$ pwd
/home/sadeed
sadeed@sadeed:~$ cd /mnt/c/cbc/
DSAI/             DSAI-Jan-2026-AM/ PDocs/            StudentGrades/    backgrouds/       wsl/
sadeed@sadeed:~$ cd /mnt/c/cbc/DSAI-Jan-2026-AM/01-linux/
sadeed@sadeed:/mnt/c/cbc/DSAI-Jan-2026-AM/01-linux$ ls -l
total 16028
-rwxrwxrwx 1 sadeed sadeed   65221 Jan 26 08:37 CourseTimeLine-DSAI-JAN-2026-AM.pdf
-rwxrwxrwx 1 sadeed sadeed   18725 Jan 26 08:37 CourseTimeLine.xlsx
-rwxrwxrwx 1 sadeed sadeed 3026630 May 25  2020 D76989GC20_ag.pdf
drwxrwxrwx 1 sadeed sadeed    4096 Feb  3 09:19 D76989GC20_ppt
-rwxrwxrwx 1 sadeed sadeed 6226782 Mar 30  2021 D76989GC20_ppt.zip
-rwxrwxrwx 1 sadeed sadeed 6980283 May 25  2020 D76989GC20_sg.pdf
drwxrwxrwx 1 sadeed sadeed    4096 Feb  2 11:29 DSAI-LINUX-JAN2026-AM
-rwxrwxrwx 1 sadeed sadeed   83727 Aug 25 21:10 Data_AI_Program_Overview_Microsoft_Courses.pptx
sadeed@sadeed:/mnt/c/cbc/DSAI-Jan-2026-AM/01-linux$ pwd
/mnt/c/cbc/DSAI-Jan-2026-AM/01-linux
sadeed@sadeed:/mnt/c/cbc/DSAI-Jan-2026-AM/01-linux$ cd /home/sadeed/
sadeed@sadeed:~$ pwd
/home/sadeed
sadeed@sadeed:~$ cd /mnt/c/cbc/DSAI-Jan-2026-AM/01-linux/
sadeed@sadeed:/mnt/c/cbc/DSAI-Jan-2026-AM/01-linux$ cd ~
sadeed@sadeed:~$ pwd
/home/sadeed
sadeed@sadeed:~$ cd /
sadeed@sadeed:/$ date; uname
Tue Feb  3 11:47:36 EST 2026
Linux
sadeed@sadeed:/$ date
Tue Feb  3 11:47:46 EST 2026
sadeed@sadeed:/$ uname
Linux
sadeed@sadeed:/$ date; uname
Tue Feb  3 11:47:51 EST 2026
Linux
sadeed@sadeed:/$ man dtae
No manual entry for dtae
sadeed@sadeed:/$ man date
sadeed@sadeed:/$ man -k list
proc_timer_list (5)  - pending timers
add-apt-repository (1) - Adds a repository into the /etc/apt/sources.list or /etc/apt/sources.list.d or removes an existing one
add-shell (8)        - add shells to the list of valid login shells
apt-add-repository (1) - Adds a repository into the /etc/apt/sources.list or /etc/apt/sources.list.d or removes an existing one
bpf-helpers (7)      - list of eBPF helper functions
byobu-silent (1)     - Silence all of Byobu's status indicators, eliminate the hardstatus line, and the window list
column (1)           - columnate lists
corelist (1)         - a commandline frontend to Module::CoreList
dir (1)              - list directory contents
fc-conflist (1)      - list the configuration files processed by Fontconfig
fc-list (1)          - list available fonts
git-branch (1)       - List, create, or delete branches
git-for-each-repo (1) - Run a Git command on a list of repositories
git-ls-remote (1)    - List references in a remote repository
git-ls-tree (1)      - List the contents of a tree object
git-replace (1)      - Create, list, delete refs to replace objects
git-rev-list (1)     - Lists commit objects in reverse chronological order
git-show-ref (1)     - List references in a local repository
git-tag (1)          - Create, list, delete or verify a tag object signed with GPG
hosts.equiv (5)      - list of hosts and users that are granted "trusted" r command access to your system
kbxutil (1)          - List, export, import Keybox data
last (1)             - show a listing of last logged in users
lastb (1)            - show a listing of last logged in users
ls (1)               - list directory contents
lsattr (1)           - list file attributes on a Linux second extended file system
lsblk (8)            - list block devices
lshw (1)             - list hardware
lslocks (8)          - list local system locks
lsmem (1)            - list the ranges of available memory with their online status
lsns (8)             - list namespaces
lsof (8)             - list open files
lspgpot (1)          - extracts the ownertrust values from PGP keyrings and list them in GnuPG ownertrust format.
manifest (1)         - import or export a package list
nc (1)               - arbitrary TCP and UDP connections and listens
nc.openbsd (1)       - arbitrary TCP and UDP connections and listens
nc_openbsd (1)       - arbitrary TCP and UDP connections and listens
netcat (1)           - arbitrary TCP and UDP connections and listens
nm (1)               - list symbols from object files
openssl-ciphers (1ssl) - SSL cipher display and cipher list command
openssl-list (1ssl)  - list algorithms and features
pam_listfile (8)     - deny or allow services based on an arbitrary file
pam_localuser (8)    - require users to be listed in /etc/passwd
queue (3)            - implementations of linked lists and queues
queue (7)            - implementations of linked lists and queues
remove-shell (8)     - remove shells from the list of valid login shells
routel (8)           - list routes with pretty output format
rtmon (8)            - listens to and monitors RTnetlink
securetty (5)        - list of terminals on which root is allowed to login
services (5)         - Internet network services list
size (1)             - list section sizes and total size of binary files
sources.list (5)     - List of configured APT data sources
suffixes (7)         - list of file suffixes
systemd-creds (1)    - Lists, shows, encrypts and decrypts service credentials
systemd-path (1)     - List and query system and user paths
systemd-tty-ask-password-agent (1) - List or process pending systemd password requests
systemd.index (7)    - List all manpages from the systemd project
tipc-media (8)       - list or modify media properties
tipc-node (8)        - modify and show local node parameters or list peer nodes
toe (1)              - list table of entries of terminfo terminal types
unsquashfs (1)       - tool to uncompress, extract and list squashfs filesystems
update-shells (8)    - update the list of valid login shells
vdir (1)             - list directory contents
x86_64-linux-gnu-nm (1) - list symbols from object files
x86_64-linux-gnu-size (1) - list section sizes and total size of binary files
sadeed@sadeed:/$ man -k listing
last (1)             - show a listing of last logged in users
lastb (1)            - show a listing of last logged in users
sadeed@sadeed:/$ man -k copy
cp (1)               - copy files and directories
cpgr (8)             - copy with locking the given file to the password or group file
cppw (8)             - copy with locking the given file to the password or group file
dd (1)               - convert and copy a file
debconf-copydb (1)   - copy a debconf database
git-checkout-index (1) - Copy files from the index to the working tree
install (1)          - copy files and set attributes
objcopy (1)          - copy and translate object files
rsync (1)            - a fast, versatile, remote (and local) file-copying tool
scp (1)              - OpenSSH secure file copy
ssh-copy-id (1)      - use locally available keys to authorise logins on a remote machine
string_copying (7)   - copying strings and character sequences
x86_64-linux-gnu-objcopy (1) - copy and translate object files
sadeed@sadeed:/$ cp --help
Usage: cp [OPTION]... [-T] SOURCE DEST
  or:  cp [OPTION]... SOURCE... DIRECTORY
  or:  cp [OPTION]... -t DIRECTORY SOURCE...
Copy SOURCE to DEST, or multiple SOURCE(s) to DIRECTORY.

Mandatory arguments to long options are mandatory for short options too.
  -a, --archive                same as -dR --preserve=all
      --attributes-only        don't copy the file data, just the attributes
      --backup[=CONTROL]       make a backup of each existing destination file
  -b                           like --backup but does not accept an argument
      --copy-contents          copy contents of special files when recursive
  -d                           same as --no-dereference --preserve=links
      --debug                  explain how a file is copied.  Implies -v
  -f, --force                  if an existing destination file cannot be
                                 opened, remove it and try again (this option
                                 is ignored when the -n option is also used)
  -i, --interactive            prompt before overwrite (overrides a previous -n
                                  option)
  -H                           follow command-line symbolic links in SOURCE
  -l, --link                   hard link files instead of copying
  -L, --dereference            always follow symbolic links in SOURCE
  -n, --no-clobber             do not overwrite an existing file and do not fail
                                 (overrides a -u or previous -i option). See also
                                 --update; equivalent to --update=none.
  -P, --no-dereference         never follow symbolic links in SOURCE
  -p                           same as --preserve=mode,ownership,timestamps
      --preserve[=ATTR_LIST]   preserve the specified attributes
      --no-preserve=ATTR_LIST  don't preserve the specified attributes
      --parents                use full source file name under DIRECTORY
  -R, -r, --recursive          copy directories recursively
      --reflink[=WHEN]         control clone/CoW copies. See below
      --remove-destination     remove each existing destination file before
                                 attempting to open it (contrast with --force)
      --sparse=WHEN            control creation of sparse files. See below
      --strip-trailing-slashes  remove any trailing slashes from each SOURCE
                                 argument
  -s, --symbolic-link          make symbolic links instead of copying
  -S, --suffix=SUFFIX          override the usual backup suffix
  -t, --target-directory=DIRECTORY  copy all SOURCE arguments into DIRECTORY
  -T, --no-target-directory    treat DEST as a normal file
  --update[=UPDATE]            control which existing files are updated;
                                 UPDATE={all,none,older(default)}.  See below
  -u                           equivalent to --update[=older]
  -v, --verbose                explain what is being done
  -x, --one-file-system        stay on this file system
  -Z                           set SELinux security context of destination
                                 file to default type
      --context[=CTX]          like -Z, or if CTX is specified then set the
                                 SELinux or SMACK security context to CTX
      --help        display this help and exit
      --version     output version information and exit

ATTR_LIST is a comma-separated list of attributes. Attributes are 'mode' for
permissions (including any ACL and xattr permissions), 'ownership' for user
and group, 'timestamps' for file timestamps, 'links' for hard links, 'context'
for security context, 'xattr' for extended attributes, and 'all' for all
attributes.

By default, sparse SOURCE files are detected by a crude heuristic and the
corresponding DEST file is made sparse as well.  That is the behavior
selected by --sparse=auto.  Specify --sparse=always to create a sparse DEST
file whenever the SOURCE file contains a long enough sequence of zero bytes.
Use --sparse=never to inhibit creation of sparse files.

UPDATE controls which existing files in the destination are replaced.
'all' is the default operation when an --update option is not specified,
and results in all existing files in the destination being replaced.
'none' is similar to the --no-clobber option, in that no files in the
destination are replaced, but also skipped files do not induce a failure.
'older' is the default operation when --update is specified, and results
in files being replaced if they're older than the corresponding source file.

When --reflink[=always] is specified, perform a lightweight copy, where the
data blocks are copied only when modified.  If this is not possible the copy
fails, or if --reflink=auto is specified, fall back to a standard copy.
Use --reflink=never to ensure a standard copy is performed.

The backup suffix is '~', unless set with --suffix or SIMPLE_BACKUP_SUFFIX.
The version control method may be selected via the --backup option or through
the VERSION_CONTROL environment variable.  Here are the values:

  none, off       never make backups (even if --backup is given)
  numbered, t     make numbered backups
  existing, nil   numbered if numbered backups exist, simple otherwise
  simple, never   always make simple backups

As a special case, cp makes a backup of SOURCE when the force and backup
options are given and SOURCE and DEST are the same name for an existing,
regular file.

GNU coreutils online help: <https://www.gnu.org/software/coreutils/>
Report any translation bugs to <https://translationproject.org/team/>
Full documentation <https://www.gnu.org/software/coreutils/cp>
or available locally via: info '(coreutils) cp invocation'
sadeed@sadeed:/$ man -k remove
aa-remove-unknown (8) - remove unknown AppArmor profiles
add-apt-repository (1) - Adds a repository into the /etc/apt/sources.list or /etc/apt/sources.list.d or removes an existing one
apt-add-repository (1) - Adds a repository into the /etc/apt/sources.list or /etc/apt/sources.list.d or removes an existing one
byobu-disable-prompt (1) - add and remove a nice color prompt with a previous command timer to your shell configuration
byobu-enable-prompt (1) - add and remove a nice color prompt with a previous command timer to your shell configuration
byobu-prompt (1)     - add and remove a nice color prompt with a previous command timer to your shell configuration
colrm (1)            - remove columns from a file
cut (1)              - remove sections from each line of files
delgroup (8)         - remove a user or group from the system
deluser (8)          - remove a user or group from the system
git-clean (1)        - Remove untracked files from the working tree
git-prune-packed (1) - Remove extra objects that are already in pack files
git-rm (1)           - Remove files from the working tree and from the index
git-stripspace (1)   - Remove unnecessary whitespace
ipcrm (1)            - remove certain IPC resources
kernel-install (8)   - Add and remove kernel and initrd images to and from /boot
modprobe (8)         - Add and remove modules from the Linux Kernel
psfstriptable (1)    - remove the embedded Unicode character table from a console font
purge-old-kernels (1) - remove old kernel and header packages from the system
py3clean (1)         - removes .pyc and .pyo files
remove-shell (8)     - remove shells from the list of valid login shells
rm (1)               - remove files or directories
rmdir (1)            - remove empty directories
rmmod (8)            - Simple program to remove a module from the Linux Kernel
unlink (1)           - call the unlink function to remove the specified file
update-rc.d (8)      - install and remove System-V style init script links
sadeed@sadeed:/$ rm --help
Usage: rm [OPTION]... [FILE]...
Remove (unlink) the FILE(s).

  -f, --force           ignore nonexistent files and arguments, never prompt
  -i                    prompt before every removal
  -I                    prompt once before removing more than three files, or
                          when removing recursively; less intrusive than -i,
                          while still giving protection against most mistakes
      --interactive[=WHEN]  prompt according to WHEN: never, once (-I), or
                          always (-i); without WHEN, prompt always
      --one-file-system  when removing a hierarchy recursively, skip any
                          directory that is on a file system different from
                          that of the corresponding command line argument
      --no-preserve-root  do not treat '/' specially
      --preserve-root[=all]  do not remove '/' (default);
                              with 'all', reject any command line argument
                              on a separate device from its parent
  -r, -R, --recursive   remove directories and their contents recursively
  -d, --dir             remove empty directories
  -v, --verbose         explain what is being done
      --help        display this help and exit
      --version     output version information and exit

By default, rm does not remove directories.  Use the --recursive (-r or -R)
option to remove each listed directory, too, along with all of its contents.

To remove a file whose name starts with a '-', for example '-foo',
use one of these commands:
  rm -- -foo

  rm ./-foo

Note that if you use rm to remove a file, it might be possible to recover
some of its contents, given sufficient expertise and/or time.  For greater
assurance that the contents are truly unrecoverable, consider using shred(1).

GNU coreutils online help: <https://www.gnu.org/software/coreutils/>
Report any translation bugs to <https://translationproject.org/team/>
Full documentation <https://www.gnu.org/software/coreutils/rm>
or available locally via: info '(coreutils) rm invocation'
sadeed@sadeed:/$ ls -l
total 2796
lrwxrwxrwx   1 root root       7 Apr 22  2024 bin -> usr/bin
drwxr-xr-x   2 root root    4096 Feb 26  2024 bin.usr-is-merged
drwxr-xr-x   2 root root    4096 Apr 22  2024 boot
drwxr-xr-x  15 root root    3860 Feb  3 09:23 dev
drwxr-xr-x  88 root root    4096 Feb  3 09:40 etc
drwxr-xr-x   3 root root    4096 Feb  2 00:50 home
-rwxr-xr-x   1 root root 2781568 Dec 11 20:58 init
lrwxrwxrwx   1 root root       7 Apr 22  2024 lib -> usr/lib
drwxr-xr-x   2 root root    4096 Apr  8  2024 lib.usr-is-merged
lrwxrwxrwx   1 root root       9 Apr 22  2024 lib64 -> usr/lib64
drwx------   2 root root   16384 Feb  2 00:42 lost+found
drwxr-xr-x   2 root root    4096 Aug  5 12:55 media
drwxr-xr-x   6 root root    4096 Feb  2 01:15 mnt
drwxr-xr-x   2 root root    4096 Aug  5 12:55 opt
dr-xr-xr-x 337 root root       0 Feb  3 09:23 proc
drwx------   4 root root    4096 Feb  3 09:40 root
drwxr-xr-x  20 root root     640 Feb  3 09:39 run
lrwxrwxrwx   1 root root       8 Apr 22  2024 sbin -> usr/sbin
drwxr-xr-x   2 root root    4096 Mar 31  2024 sbin.usr-is-merged
drwxr-xr-x   2 root root    4096 Feb  2 00:42 snap
drwxr-xr-x   2 root root    4096 Aug  5 12:55 srv
dr-xr-xr-x  13 root root       0 Feb  3 09:25 sys
drwxrwxrwt   9 root root    4096 Feb  3 09:39 tmp
drwxr-xr-x  12 root root    4096 Aug  5 12:55 usr
drwxr-xr-x  13 root root    4096 Feb  2 00:42 var
sadeed@sadeed:/$ cd mnt/c/cbc/
DSAI/             DSAI-Jan-2026-AM/ PDocs/            StudentGrades/    backgrouds/       wsl/
sadeed@sadeed:/$ cd mnt/c/cbc/DSAI-Jan-2026-AM/01-linux/D
D76989GC20_ppt/        DSAI-LINUX-JAN2026-AM/
sadeed@sadeed:/$ cd mnt/c/cbc/DSAI-Jan-2026-AM/01-linux/DSAI-LINUX-JAN2026-AM/
.git/   Books/  Day-04/ Day-06/ lab/
sadeed@sadeed:/$ cd mnt/c/cbc/DSAI-Jan-2026-AM/01-linux/DSAI-LINUX-JAN2026-AM/lab/dir6
sadeed@sadeed:/mnt/c/cbc/DSAI-Jan-2026-AM/01-linux/DSAI-LINUX-JAN2026-AM/lab/dir6$ rm -i amro.txt
rm: remove regular empty file 'amro.txt'?
sadeed@sadeed:/mnt/c/cbc/DSAI-Jan-2026-AM/01-linux/DSAI-LINUX-JAN2026-AM/lab/dir6$ rm -i amro
rm: cannot remove 'amro': No such file or directory
sadeed@sadeed:/mnt/c/cbc/DSAI-Jan-2026-AM/01-linux/DSAI-LINUX-JAN2026-AM/lab/dir6$ rm amro.txt
sadeed@sadeed:/mnt/c/cbc/DSAI-Jan-2026-AM/01-linux/DSAI-LINUX-JAN2026-AM/lab/dir6$ ls -l
total 0
sadeed@sadeed:/mnt/c/cbc/DSAI-Jan-2026-AM/01-linux/DSAI-LINUX-JAN2026-AM/lab/dir6$ cd ..
sadeed@sadeed:/mnt/c/cbc/DSAI-Jan-2026-AM/01-linux/DSAI-LINUX-JAN2026-AM/lab$ cd dir5
sadeed@sadeed:/mnt/c/cbc/DSAI-Jan-2026-AM/01-linux/DSAI-LINUX-JAN2026-AM/lab/dir5$ ls -l
total 0
-rwxrwxrwx 1 sadeed sadeed 21 Jan 30 10:44 test.md
sadeed@sadeed:/mnt/c/cbc/DSAI-Jan-2026-AM/01-linux/DSAI-LINUX-JAN2026-AM/lab/dir5$ rm -i test.md
rm: remove regular file 'test.md'? y
sadeed@sadeed:/mnt/c/cbc/DSAI-Jan-2026-AM/01-linux/DSAI-LINUX-JAN2026-AM/lab/dir5$ ls -l
total 0
sadeed@sadeed:/mnt/c/cbc/DSAI-Jan-2026-AM/01-linux/DSAI-LINUX-JAN2026-AM/lab/dir5$
sadeed@sadeed:/mnt/c/cbc/DSAI-Jan-2026-AM/01-linux/DSAI-LINUX-JAN2026-AM/lab/dir5$
sadeed@sadeed:/mnt/c/cbc/DSAI-Jan-2026-AM/01-linux/DSAI-LINUX-JAN2026-AM/lab/dir5$ man -k remove
aa-remove-unknown (8) - remove unknown AppArmor profiles
add-apt-repository (1) - Adds a repository into the /etc/apt/sources.list or /etc/apt/sources.list.d or removes an existing one
apt-add-repository (1) - Adds a repository into the /etc/apt/sources.list or /etc/apt/sources.list.d or removes an existing one
byobu-disable-prompt (1) - add and remove a nice color prompt with a previous command timer to your shell configuration
byobu-enable-prompt (1) - add and remove a nice color prompt with a previous command timer to your shell configuration
byobu-prompt (1)     - add and remove a nice color prompt with a previous command timer to your shell configuration
colrm (1)            - remove columns from a file
cut (1)              - remove sections from each line of files
delgroup (8)         - remove a user or group from the system
deluser (8)          - remove a user or group from the system
git-clean (1)        - Remove untracked files from the working tree
git-prune-packed (1) - Remove extra objects that are already in pack files
git-rm (1)           - Remove files from the working tree and from the index
git-stripspace (1)   - Remove unnecessary whitespace
ipcrm (1)            - remove certain IPC resources
kernel-install (8)   - Add and remove kernel and initrd images to and from /boot
modprobe (8)         - Add and remove modules from the Linux Kernel
psfstriptable (1)    - remove the embedded Unicode character table from a console font
purge-old-kernels (1) - remove old kernel and header packages from the system
py3clean (1)         - removes .pyc and .pyo files
remove-shell (8)     - remove shells from the list of valid login shells
rm (1)               - remove files or directories
rmdir (1)            - remove empty directories
rmmod (8)            - Simple program to remove a module from the Linux Kernel
unlink (1)           - call the unlink function to remove the specified file
update-rc.d (8)      - install and remove System-V style init script links
sadeed@sadeed:/mnt/c/cbc/DSAI-Jan-2026-AM/01-linux/DSAI-LINUX-JAN2026-AM/lab/dir5$ ls -l
total 0
sadeed@sadeed:/mnt/c/cbc/DSAI-Jan-2026-AM/01-linux/DSAI-LINUX-JAN2026-AM/lab/dir5$ cd /
sadeed@sadeed:/$ ls -l
total 2796
lrwxrwxrwx   1 root root       7 Apr 22  2024 bin -> usr/bin
drwxr-xr-x   2 root root    4096 Feb 26  2024 bin.usr-is-merged
drwxr-xr-x   2 root root    4096 Apr 22  2024 boot
drwxr-xr-x  15 root root    3860 Feb  3 09:23 dev
drwxr-xr-x  88 root root    4096 Feb  3 09:40 etc
drwxr-xr-x   3 root root    4096 Feb  2 00:50 home
-rwxr-xr-x   1 root root 2781568 Dec 11 20:58 init
lrwxrwxrwx   1 root root       7 Apr 22  2024 lib -> usr/lib
drwxr-xr-x   2 root root    4096 Apr  8  2024 lib.usr-is-merged
lrwxrwxrwx   1 root root       9 Apr 22  2024 lib64 -> usr/lib64
drwx------   2 root root   16384 Feb  2 00:42 lost+found
drwxr-xr-x   2 root root    4096 Aug  5  2025 media
drwxr-xr-x   6 root root    4096 Feb  2 01:15 mnt
drwxr-xr-x   2 root root    4096 Aug  5  2025 opt
dr-xr-xr-x 337 root root       0 Feb  3 09:23 proc
drwx------   4 root root    4096 Feb  3 09:40 root
drwxr-xr-x  20 root root     640 Feb  4 06:26 run
lrwxrwxrwx   1 root root       8 Apr 22  2024 sbin -> usr/sbin
drwxr-xr-x   2 root root    4096 Mar 31  2024 sbin.usr-is-merged
drwxr-xr-x   2 root root    4096 Feb  2 00:42 snap
drwxr-xr-x   2 root root    4096 Aug  5  2025 srv
dr-xr-xr-x  13 root root       0 Feb  3 09:25 sys
drwxrwxrwt   9 root root    4096 Feb  4 06:25 tmp
drwxr-xr-x  12 root root    4096 Aug  5  2025 usr
drwxr-xr-x  13 root root    4096 Feb  2 00:42 var
sadeed@sadeed:/$ ls /mnt/c/cbc/DSAI
DSAI/             DSAI-Jan-2026-AM/
sadeed@sadeed:/$ ls /mnt/c/cbc/DSAI-Jan-2026-AM/01-linux/
CourseTimeLine-DSAI-JAN-2026-AM.pdf              D76989GC20_ppt.zip
CourseTimeLine.xlsx                              D76989GC20_sg.pdf
D76989GC20_ag.pdf                                DSAI-LINUX-JAN2026-AM/
D76989GC20_ppt/                                  Data_AI_Program_Overview_Microsoft_Courses.pptx
sadeed@sadeed:/$ ls /mnt/c/cbc/DSAI-Jan-2026-AM/01-linux/DSAI-LINUX-JAN2026-AM/
.git/                        Day-04/                      README.md                    setup-git.md
Books/                       Day-06/                      cmd_cli.md
CLI_Commands_Cheat_Sheet.md  LINUX_Training_Guide_WSL.md  lab/
sadeed@sadeed:/$ ls /mnt/c/cbc/DSAI-Jan-2026-AM/01-linux/DSAI-LINUX-JAN2026-AM/lab/
dir1  dir2  dir3  dir4  dir5  dir6  file.1  file.2  fruits  house  practice1
sadeed@sadeed:/$ ls -l /mnt/c/cbc/DSAI-Jan-2026-AM/01-linux/DSAI-LINUX-JAN2026-AM/lab/
total 8
drwxrwxrwx 1 sadeed sadeed 4096 Feb  1 22:34 dir1
drwxrwxrwx 1 sadeed sadeed 4096 Feb  1 22:34 dir2
drwxrwxrwx 1 sadeed sadeed 4096 Feb  1 22:34 dir3
drwxrwxrwx 1 sadeed sadeed 4096 Feb  1 22:34 dir4
drwxrwxrwx 1 sadeed sadeed 4096 Feb  3 11:55 dir5
drwxrwxrwx 1 sadeed sadeed 4096 Feb  3 11:54 dir6
-rwxrwxrwx 1 sadeed sadeed 1255 Sep  5 20:05 file.1
-rwxrwxrwx 1 sadeed sadeed 1255 Sep  5 20:05 file.2
-rwxrwxrwx 1 sadeed sadeed   24 Sep 10 20:30 fruits
drwxrwxrwx 1 sadeed sadeed 4096 Feb  1 22:34 house
drwxrwxrwx 1 sadeed sadeed 4096 Feb  1 22:34 practice1
sadeed@sadeed:/$ ls -lr /mnt/c/cbc/DSAI-Jan-2026-AM/01-linux/DSAI-LINUX-JAN2026-AM/lab/
total 8
drwxrwxrwx 1 sadeed sadeed 4096 Feb  1 22:34 practice1
drwxrwxrwx 1 sadeed sadeed 4096 Feb  1 22:34 house
-rwxrwxrwx 1 sadeed sadeed   24 Sep 10 20:30 fruits
-rwxrwxrwx 1 sadeed sadeed 1255 Sep  5 20:05 file.2
-rwxrwxrwx 1 sadeed sadeed 1255 Sep  5 20:05 file.1
drwxrwxrwx 1 sadeed sadeed 4096 Feb  3 11:54 dir6
drwxrwxrwx 1 sadeed sadeed 4096 Feb  3 11:55 dir5
drwxrwxrwx 1 sadeed sadeed 4096 Feb  1 22:34 dir4
drwxrwxrwx 1 sadeed sadeed 4096 Feb  1 22:34 dir3
drwxrwxrwx 1 sadeed sadeed 4096 Feb  1 22:34 dir2
drwxrwxrwx 1 sadeed sadeed 4096 Feb  1 22:34 dir1
sadeed@sadeed:/$ cd /mnt/c/cbc/
DSAI/             DSAI-Jan-2026-AM/ PDocs/            StudentGrades/    backgrouds/       wsl/
sadeed@sadeed:/$ cd /mnt/c/cbc/DSAI-Jan-2026-AM/01-linux/D
D76989GC20_ppt/        DSAI-LINUX-JAN2026-AM/
sadeed@sadeed:/$ cd /mnt/c/cbc/DSAI-Jan-2026-AM/01-linux/D
D76989GC20_ppt/        DSAI-LINUX-JAN2026-AM/
sadeed@sadeed:/$ cd /mnt/c/cbc/DSAI-Jan-2026-AM/01-linux/DSAI-LINUX-JAN2026-AM/lab/
sadeed@sadeed:/mnt/c/cbc/DSAI-Jan-2026-AM/01-linux/DSAI-LINUX-JAN2026-AM/lab$
sadeed@sadeed:/mnt/c/cbc/DSAI-Jan-2026-AM/01-linux/DSAI-LINUX-JAN2026-AM/lab$
sadeed@sadeed:/mnt/c/cbc/DSAI-Jan-2026-AM/01-linux/DSAI-LINUX-JAN2026-AM/lab$ ls dir1
abc  coffees
sadeed@sadeed:/mnt/c/cbc/DSAI-Jan-2026-AM/01-linux/DSAI-LINUX-JAN2026-AM/lab$ ls /mnt/c/cbc/DSAI-Jan-2026-AM/01-linux/DSAI-LINUX-JAN2026-AM/lab/dir1
abc  coffees
sadeed@sadeed:/mnt/c/cbc/DSAI-Jan-2026-AM/01-linux/DSAI-LINUX-JAN2026-AM/lab$ ls dir2
beans  notes
sadeed@sadeed:/mnt/c/cbc/DSAI-Jan-2026-AM/01-linux/DSAI-LINUX-JAN2026-AM/lab$ ls dir3
planets  vegetables
sadeed@sadeed:/mnt/c/cbc/DSAI-Jan-2026-AM/01-linux/DSAI-LINUX-JAN2026-AM/lab$ ls -l
total 8
drwxrwxrwx 1 sadeed sadeed 4096 Feb  1 22:34 dir1
drwxrwxrwx 1 sadeed sadeed 4096 Feb  1 22:34 dir2
drwxrwxrwx 1 sadeed sadeed 4096 Feb  1 22:34 dir3
drwxrwxrwx 1 sadeed sadeed 4096 Feb  1 22:34 dir4
drwxrwxrwx 1 sadeed sadeed 4096 Feb  3 11:55 dir5
drwxrwxrwx 1 sadeed sadeed 4096 Feb  3 11:54 dir6
-rwxrwxrwx 1 sadeed sadeed 1255 Sep  5 20:05 file.1
-rwxrwxrwx 1 sadeed sadeed 1255 Sep  5 20:05 file.2
-rwxrwxrwx 1 sadeed sadeed   24 Sep 10 20:30 fruits
drwxrwxrwx 1 sadeed sadeed 4096 Feb  1 22:34 house
drwxrwxrwx 1 sadeed sadeed 4096 Feb  1 22:34 practice1
sadeed@sadeed:/mnt/c/cbc/DSAI-Jan-2026-AM/01-linux/DSAI-LINUX-JAN2026-AM/lab$ ls
dir1  dir2  dir3  dir4  dir5  dir6  file.1  file.2  fruits  house  practice1
sadeed@sadeed:/mnt/c/cbc/DSAI-Jan-2026-AM/01-linux/DSAI-LINUX-JAN2026-AM/lab$ ls -l dir3
total 0
drwxrwxrwx 1 sadeed sadeed 4096 Feb  1 22:34 planets
drwxrwxrwx 1 sadeed sadeed 4096 Feb  1 22:34 vegetables
sadeed@sadeed:/mnt/c/cbc/DSAI-Jan-2026-AM/01-linux/DSAI-LINUX-JAN2026-AM/lab$ ls -l dir3
total 0
drwxrwxrwx 1 sadeed sadeed 4096 Feb  1 22:34 planets
drwxrwxrwx 1 sadeed sadeed 4096 Feb  1 22:34 vegetables
sadeed@sadeed:/mnt/c/cbc/DSAI-Jan-2026-AM/01-linux/DSAI-LINUX-JAN2026-AM/lab$ ls -ld dir3
drwxrwxrwx 1 sadeed sadeed 4096 Feb  1 22:34 dir3
sadeed@sadeed:/mnt/c/cbc/DSAI-Jan-2026-AM/01-linux/DSAI-LINUX-JAN2026-AM/lab$ ls -lR dir3
dir3:
total 0
drwxrwxrwx 1 sadeed sadeed 4096 Feb  1 22:34 planets
drwxrwxrwx 1 sadeed sadeed 4096 Feb  1 22:34 vegetables

dir3/planets:
total 4
-rwxrwxrwx 1 sadeed sadeed 1255 Sep  5 20:05 mars

dir3/vegetables:
total 4
-rwxrwxrwx 1 sadeed sadeed 1255 Sep  5 20:05 myvegies
sadeed@sadeed:/mnt/c/cbc/DSAI-Jan-2026-AM/01-linux/DSAI-LINUX-JAN2026-AM/lab$ ls -lR
.:
total 8
drwxrwxrwx 1 sadeed sadeed 4096 Feb  1 22:34 dir1
drwxrwxrwx 1 sadeed sadeed 4096 Feb  1 22:34 dir2
drwxrwxrwx 1 sadeed sadeed 4096 Feb  1 22:34 dir3
drwxrwxrwx 1 sadeed sadeed 4096 Feb  1 22:34 dir4
drwxrwxrwx 1 sadeed sadeed 4096 Feb  3 11:55 dir5
drwxrwxrwx 1 sadeed sadeed 4096 Feb  3 11:54 dir6
-rwxrwxrwx 1 sadeed sadeed 1255 Sep  5 20:05 file.1
-rwxrwxrwx 1 sadeed sadeed 1255 Sep  5 20:05 file.2
-rwxrwxrwx 1 sadeed sadeed   24 Sep 10 20:30 fruits
drwxrwxrwx 1 sadeed sadeed 4096 Feb  1 22:34 house
drwxrwxrwx 1 sadeed sadeed 4096 Feb  1 22:34 practice1

./dir1:
total 0
-rwxrwxrwx 1 sadeed sadeed   73 Sep  8 20:34 abc
drwxrwxrwx 1 sadeed sadeed 4096 Feb  1 22:34 coffees

./dir1/coffees:
total 0
drwxrwxrwx 1 sadeed sadeed 4096 Feb  1 22:34 beans

./dir1/coffees/beans:
total 4
-rwxrwxrwx 1 sadeed sadeed 1255 Sep  5 20:05 beans2

./dir2:
total 0
-rwxrwxrwx 1 sadeed sadeed 20 Sep  8 19:04 beans
-rwxrwxrwx 1 sadeed sadeed 45 Sep  8 19:07 notes

./dir3:
total 0
drwxrwxrwx 1 sadeed sadeed 4096 Feb  1 22:34 planets
drwxrwxrwx 1 sadeed sadeed 4096 Feb  1 22:34 vegetables

./dir3/planets:
total 4
-rwxrwxrwx 1 sadeed sadeed 1255 Sep  5 20:05 mars

./dir3/vegetables:
total 4
-rwxrwxrwx 1 sadeed sadeed 1255 Sep  5 20:05 myvegies

./dir4:
total 4
-rwxrwxrwx 1 sadeed sadeed 1263 Sep  8 18:59 roses

./dir5:
total 0

./dir6:
total 0

./house:
total 0
drwxrwxrwx 1 sadeed sadeed 4096 Feb  1 22:34 furniture

./house/furniture:
total 0
-rwxrwxrwx 1 sadeed sadeed 73 Sep  8 20:34 mychair

./practice1:
total 8
drwxrwxrwx 1 sadeed sadeed 4096 Feb  1 22:34 appointments
-rwxrwxrwx 1 sadeed sadeed 1255 Sep  8 20:06 file.1
-rwxrwxrwx 1 sadeed sadeed 1255 Sep  8 20:06 file.2
drwxrwxrwx 1 sadeed sadeed 4096 Feb  1 22:34 play

./practice1/appointments:
total 4
-rwxrwxrwx 1 sadeed sadeed 1255 Sep  8 20:21 addresses

./practice1/play:
total 4
-rwxrwxrwx 1 sadeed sadeed 1255 Sep  8 20:20 addresses
sadeed@sadeed:/mnt/c/cbc/DSAI-Jan-2026-AM/01-linux/DSAI-LINUX-JAN2026-AM/lab$ cd dir3
sadeed@sadeed:/mnt/c/cbc/DSAI-Jan-2026-AM/01-linux/DSAI-LINUX-JAN2026-AM/lab/dir3$ ls
planets  vegetables
sadeed@sadeed:/mnt/c/cbc/DSAI-Jan-2026-AM/01-linux/DSAI-LINUX-JAN2026-AM/lab/dir3$ ls -l
total 0
drwxrwxrwx 1 sadeed sadeed 4096 Feb  1 22:34 planets
drwxrwxrwx 1 sadeed sadeed 4096 Feb  1 22:34 vegetables
sadeed@sadeed:/mnt/c/cbc/DSAI-Jan-2026-AM/01-linux/DSAI-LINUX-JAN2026-AM/lab/dir3$ cd ..
sadeed@sadeed:/mnt/c/cbc/DSAI-Jan-2026-AM/01-linux/DSAI-LINUX-JAN2026-AM/lab$ cd dir2
sadeed@sadeed:/mnt/c/cbc/DSAI-Jan-2026-AM/01-linux/DSAI-LINUX-JAN2026-AM/lab/dir2$ ls
beans  notes
sadeed@sadeed:/mnt/c/cbc/DSAI-Jan-2026-AM/01-linux/DSAI-LINUX-JAN2026-AM/lab/dir2$ ls -F
beans*  notes*
sadeed@sadeed:/mnt/c/cbc/DSAI-Jan-2026-AM/01-linux/DSAI-LINUX-JAN2026-AM/lab/dir2$ ls -F
beans*  notes*  sadeed/
sadeed@sadeed:/mnt/c/cbc/DSAI-Jan-2026-AM/01-linux/DSAI-LINUX-JAN2026-AM/lab/dir2$ file --help
Usage: file [OPTION...] [FILE...]
Determine type of FILEs.

      --help                 display this help and exit
  -v, --version              output version information and exit
  -m, --magic-file LIST      use LIST as a colon-separated list of magic
                               number files
  -z, --uncompress           try to look inside compressed files
  -Z, --uncompress-noreport  only print the contents of compressed files
  -b, --brief                do not prepend filenames to output lines
  -c, --checking-printout    print the parsed form of the magic file, use in
                               conjunction with -m to debug a new magic file
                               before installing it
  -e, --exclude TEST         exclude TEST from the list of test to be
                               performed for file. Valid tests are:
                               apptype, ascii, cdf, compress, csv, elf,
                               encoding, soft, tar, json, simh,
                               text, tokens
      --exclude-quiet TEST   like exclude, but ignore unknown tests
  -f, --files-from FILE      read the filenames to be examined from FILE
  -F, --separator STRING     use string as separator instead of `:'
  -i, --mime                 output MIME type strings (--mime-type and
                               --mime-encoding)
      --apple                output the Apple CREATOR/TYPE
      --extension            output a slash-separated list of extensions
      --mime-type            output the MIME type
      --mime-encoding        output the MIME encoding
  -k, --keep-going           don't stop at the first match
  -l, --list                 list magic strength
  -L, --dereference          follow symlinks (default if POSIXLY_CORRECT is set)
  -h, --no-dereference       don't follow symlinks (default if POSIXLY_CORRECT is not set) (default)
  -n, --no-buffer            do not buffer output
  -N, --no-pad               do not pad output
  -0, --print0               terminate filenames with ASCII NUL
  -p, --preserve-date        preserve access times on files
  -P, --parameter            set file engine parameter limits
                                   bytes 7340032 max bytes to look inside file
                               elf_notes     256 max ELF notes processed
                               elf_phnum    2048 max ELF prog sections processed
                               elf_shnum   32768 max ELF sections processed
                               elf_shsize 134217728 max ELF section size
                                encoding   65536 max bytes to scan for encoding
                                   indir      50 recursion limit for indirection
                                    name      50 use limit for name/use magic
                                   regex    8192 length limit for REGEX searches
  -r, --raw                  don't translate unprintable chars to \ooo
  -s, --special-files        treat special (block/char devices) files as
                             ordinary ones
  -S, --no-sandbox           disable system call sandboxing
  -C, --compile              compile file specified by -m
  -d, --debug                print debugging messages

Report bugs to https://bugs.astron.com/
sadeed@sadeed:/mnt/c/cbc/DSAI-Jan-2026-AM/01-linux/DSAI-LINUX-JAN2026-AM/lab/dir2$ ls -l
total 0
-rwxrwxrwx 1 sadeed sadeed   20 Sep  8 19:04 beans
-rwxrwxrwx 1 sadeed sadeed   45 Sep  8 19:07 notes
drwxrwxrwx 1 sadeed sadeed 4096 Feb  4 09:56 sadeed
sadeed@sadeed:/mnt/c/cbc/DSAI-Jan-2026-AM/01-linux/DSAI-LINUX-JAN2026-AM/lab/dir2$ file beans
beans: ASCII text, with no line terminators
sadeed@sadeed:/mnt/c/cbc/DSAI-Jan-2026-AM/01-linux/DSAI-LINUX-JAN2026-AM/lab/dir2$ cd
sadeed@sadeed:~$ cd ~
sadeed@sadeed:~$ ls /mnt/c/cbc/DSAI-Jan-2026-AM/01-linux/DSAI-LINUX-JAN2026-AM/lab/dir1
abc  coffees
sadeed@sadeed:~$ cd /mnt/c/cbc/DSAI-Jan-2026-AM/01-linux/DSAI-LINUX-JAN2026-AM/lab/dir1
sadeed@sadeed:/mnt/c/cbc/DSAI-Jan-2026-AM/01-linux/DSAI-LINUX-JAN2026-AM/lab/dir1$ cd ..
sadeed@sadeed:/mnt/c/cbc/DSAI-Jan-2026-AM/01-linux/DSAI-LINUX-JAN2026-AM/lab$ pwd
/mnt/c/cbc/DSAI-Jan-2026-AM/01-linux/DSAI-LINUX-JAN2026-AM/lab
sadeed@sadeed:/mnt/c/cbc/DSAI-Jan-2026-AM/01-linux/DSAI-LINUX-JAN2026-AM/lab$ cd
sadeed@sadeed:~$
