Microsoft Windows [Version 10.0.26100.7623]
(c) Microsoft Corporation. All rights reserved.

C:\Users\Prajapali>Wsl -l -v
  NAME      STATE           VERSION
* Ubuntu    Stopped         2

C:\Users\Prajapali> wsl --status
Default Distribution: Ubuntu
Default Version: 2
WSL1 is not supported with your current machine configuration.
Please enable the "Windows Subsystem for Linux" optional component to use WSL1.

C:\Users\Prajapali>Wsl -l -v
  NAME      STATE           VERSION
* Ubuntu    Stopped         2

C:\Users\Prajapali>Wsl --status
Default Distribution: Ubuntu
Default Version: 2
WSL1 is not supported with your current machine configuration.
Please enable the "Windows Subsystem for Linux" optional component to use WSL1.

C:\Users\Prajapali>wsl -d Ubuntu
To run a command as administrator (user "root"), use "sudo <command>".
See "man sudo_root" for details.

prajapali@Paliha:/mnt/c/Users/Prajapali$
prajapali@Paliha:/mnt/c/Users/Prajapali$
prajapali@Paliha:/mnt/c/Users/Prajapali$ ls
 AppData             Downloads              'My Documents'                                                                                  OneDrive       SendTo            ntuser.ini
'Application Data'   Favorites               NTUSER.DAT                                                                                     Pictures      'Start Menu'
 Contacts            IntelGraphicsProfiles   NTUSER.DAT{474557aa-f0f1-11ef-bb19-f650c0e876db}.TM.blf                                        PrintHood      Templates
 Cookies             Links                   NTUSER.DAT{474557aa-f0f1-11ef-bb19-f650c0e876db}.TMContainer00000000000000000001.regtrans-ms   Recent         Videos
 Desktop            'Local Settings'         NTUSER.DAT{474557aa-f0f1-11ef-bb19-f650c0e876db}.TMContainer00000000000000000002.regtrans-ms  'Saved Games'   ntuser.dat.LOG1
 Documents           Music                   NetHood                                                                                        Searches       ntuser.dat.LOG2
prajapali@Paliha:/mnt/c/Users/Prajapali$ ls -a
 .            'Application Data'   Favorites               NTUSER.DAT                                                                                     Pictures      'Start Menu'
 ..            Contacts            IntelGraphicsProfiles   NTUSER.DAT{474557aa-f0f1-11ef-bb19-f650c0e876db}.TM.blf                                        PrintHood      Templates
 .MemuHyperv   Cookies             Links                   NTUSER.DAT{474557aa-f0f1-11ef-bb19-f650c0e876db}.TMContainer00000000000000000001.regtrans-ms   Recent         Videos
 .android      Desktop            'Local Settings'         NTUSER.DAT{474557aa-f0f1-11ef-bb19-f650c0e876db}.TMContainer00000000000000000002.regtrans-ms  'Saved Games'   ntuser.dat.LOG1
 .ms-ad        Documents           Music                   NetHood                                                                                        Searches       ntuser.dat.LOG2
 AppData       Downloads          'My Documents'           OneDrive                                                                                       SendTo         ntuser.ini
prajapali@Paliha:/mnt/c/Users/Prajapali$ ls -l
total 33840
drwxrwxrwx 1 prajapali prajapali      512 Feb 22  2025  AppData
lrwxrwxrwx 1 prajapali prajapali       38 Feb 22  2025 'Application Data' -> /mnt/c/Users/Prajapali/AppData/Roaming
drwxrwxrwx 1 prajapali prajapali      512 Feb 22  2025  Contacts
lrwxrwxrwx 1 prajapali prajapali       66 Feb 22  2025  Cookies -> /mnt/c/Users/Prajapali/AppData/Local/Microsoft/Windows/INetCookies
drwxrwxrwx 1 prajapali prajapali      512 Jan 26 12:42  Desktop
drwxrwxrwx 1 prajapali prajapali      512 Jan 27 14:47  Documents
drwxrwxrwx 1 prajapali prajapali      512 Jan 27 20:16  Downloads
drwxrwxrwx 1 prajapali prajapali      512 Feb 22  2025  Favorites
drwxrwxrwx 1 prajapali prajapali      512 Jan 27 10:31  IntelGraphicsProfiles
drwxrwxrwx 1 prajapali prajapali      512 Feb 22  2025  Links
lrwxrwxrwx 1 prajapali prajapali       36 Feb 22  2025 'Local Settings' -> /mnt/c/Users/Prajapali/AppData/Local
drwxrwxrwx 1 prajapali prajapali      512 Feb 22  2025  Music
lrwxrwxrwx 1 prajapali prajapali       32 Feb 22  2025 'My Documents' -> /mnt/c/Users/Prajapali/Documents
-rwxrwxrwx 1 prajapali prajapali 26476544 Jan 27 10:31  NTUSER.DAT
-rwxrwxrwx 1 prajapali prajapali    65536 Feb 22  2025  NTUSER.DAT{474557aa-f0f1-11ef-bb19-f650c0e876db}.TM.blf
-rwxrwxrwx 1 prajapali prajapali   524288 Feb 22  2025  NTUSER.DAT{474557aa-f0f1-11ef-bb19-f650c0e876db}.TMContainer00000000000000000001.regtrans-ms
-rwxrwxrwx 1 prajapali prajapali   524288 Feb 22  2025  NTUSER.DAT{474557aa-f0f1-11ef-bb19-f650c0e876db}.TMContainer00000000000000000002.regtrans-ms
lrwxrwxrwx 1 prajapali prajapali       74 Feb 22  2025  NetHood -> '/mnt/c/Users/Prajapali/AppData/Roaming/Microsoft/Windows/Network Shortcuts'
drwxrwxrwx 1 prajapali prajapali      512 Nov 25  2024  OneDrive
drwxrwxrwx 1 prajapali prajapali      512 Dec 22 17:46  Pictures
lrwxrwxrwx 1 prajapali prajapali       74 Feb 22  2025  PrintHood -> '/mnt/c/Users/Prajapali/AppData/Roaming/Microsoft/Windows/Printer Shortcuts'
lrwxrwxrwx 1 prajapali prajapali       63 Feb 22  2025  Recent -> /mnt/c/Users/Prajapali/AppData/Roaming/Microsoft/Windows/Recent
drwxrwxrwx 1 prajapali prajapali      512 Feb 22  2025 'Saved Games'
drwxrwxrwx 1 prajapali prajapali      512 Feb 22  2025  Searches
lrwxrwxrwx 1 prajapali prajapali       63 Feb 22  2025  SendTo -> /mnt/c/Users/Prajapali/AppData/Roaming/Microsoft/Windows/SendTo
lrwxrwxrwx 1 prajapali prajapali       67 Feb 22  2025 'Start Menu' -> '/mnt/c/Users/Prajapali/AppData/Roaming/Microsoft/Windows/Start Menu'
lrwxrwxrwx 1 prajapali prajapali       66 Feb 22  2025  Templates -> /mnt/c/Users/Prajapali/AppData/Roaming/Microsoft/Windows/Templates
drwxrwxrwx 1 prajapali prajapali      512 Sep  8 11:18  Videos
-rwxrwxrwx 1 prajapali prajapali  1572864 Feb 22  2025  ntuser.dat.LOG1
-rwxrwxrwx 1 prajapali prajapali  5488640 Feb 22  2025  ntuser.dat.LOG2
-rwxrwxrwx 1 prajapali prajapali       20 Feb 22  2025  ntuser.ini
prajapali@Paliha:/mnt/c/Users/Prajapali$ C:\
> D:\
> /mnt/c
-bash: C:D:/mnt/c: No such file or directory
prajapali@Paliha:/mnt/c/Users/Prajapali$ /mnt/d
-bash: /mnt/d: No such file or directory
prajapali@Paliha:/mnt/c/Users/Prajapali$ dir
AppData
Application\ Data
Contacts
Cookies
Desktop
Documents
Downloads
Favorites
IntelGraphicsProfiles
Links
Local\ Settings
Music
My\ Documents
NTUSER.DAT
NTUSER.DAT{474557aa-f0f1-11ef-bb19-f650c0e876db}.TM.blf
NTUSER.DAT{474557aa-f0f1-11ef-bb19-f650c0e876db}.TMContainer00000000000000000001.regtrans-ms
NTUSER.DAT{474557aa-f0f1-11ef-bb19-f650c0e876db}.TMContainer00000000000000000002.regtrans-ms
NetHood
OneDrive
Pictures
PrintHood
Recent
Saved\ Games
Searches
SendTo
Start\ Menu
Templates
Videos
ntuser.dat.LOG1
ntuser.dat.LOG2
ntuser.ini
prajapali@Paliha:/mnt/c/Users/Prajapali$ /mnt/c/paliha/<prajapali>
-bash: syntax error near unexpected token `newline'
prajapali@Paliha:/mnt/c/Users/Prajapali$ /mnt/c/prajapali
-bash: /mnt/c/prajapali: No such file or directory
prajapali@Paliha:/mnt/c/Users/Prajapali$ /usr/bin, /bin, /sbin
-bash: /usr/bin,: No such file or directory
prajapali@Paliha:/mnt/c/Users/Prajapali$ /usr
-bash: /usr: Is a directory
prajapali@Paliha:/mnt/c/Users/Prajapali$ /usr,/opt
-bash: /usr,/opt: No such file or directory
prajapali@Paliha:/mnt/c/Users/Prajapali$
prajapali@Paliha:/mnt/c/Users/Prajapali$
prajapali@Paliha:/mnt/c/Users/Prajapali$
prajapali@Paliha:/mnt/c/Users/Prajapali$ cd ~
prajapali@Paliha:~$ cd /
prajapali@Paliha:/$
prajapali@Paliha:/$
prajapali@Paliha:/$
prajapali@Paliha:/$
prajapali@Paliha:/$ pwd
/
prajapali@Paliha:/$ cd ~
prajapali@Paliha:~$ pwd
/home/prajapali
prajapali@Paliha:~$ cd ~
prajapali@Paliha:~$ pwd
/home/prajapali
prajapali@Paliha:~$ cd /
prajapali@Paliha:/$ ls -l
total 2796
lrwxrwxrwx   1 root root       7 Apr 22  2024 bin -> usr/bin
drwxr-xr-x   2 root root    4096 Feb 26  2024 bin.usr-is-merged
drwxr-xr-x   2 root root    4096 Apr 22  2024 boot
drwxr-xr-x  15 root root    3860 Jan 28 09:19 dev
drwxr-xr-x  88 root root    4096 Jan 29 07:02 etc
drwxr-xr-x   3 root root    4096 Jan 27 10:47 home
-rwxr-xr-x   1 root root 2781568 Dec 11 20:58 init
lrwxrwxrwx   1 root root       7 Apr 22  2024 lib -> usr/lib
drwxr-xr-x   2 root root    4096 Apr  8  2024 lib.usr-is-merged
lrwxrwxrwx   1 root root       9 Apr 22  2024 lib64 -> usr/lib64
drwx------   2 root root   16384 Jan 27 10:44 lost+found
drwxr-xr-x   2 root root    4096 Aug  5 12:55 media
drwxr-xr-x   5 root root    4096 Jan 27 10:45 mnt
drwxr-xr-x   2 root root    4096 Aug  5 12:55 opt
dr-xr-xr-x 247 root root       0 Jan 28 09:19 proc
drwx------   3 root root    4096 Aug  5 12:57 root
drwxr-xr-x  20 root root     620 Jan 29 06:50 run
lrwxrwxrwx   1 root root       8 Apr 22  2024 sbin -> usr/sbin
drwxr-xr-x   2 root root    4096 Mar 31  2024 sbin.usr-is-merged
drwxr-xr-x   2 root root    4096 Jan 27 10:44 snap
drwxr-xr-x   2 root root    4096 Aug  5 12:55 srv
dr-xr-xr-x  13 root root       0 Jan 28 09:19 sys
drwxrwxrwt   9 root root    4096 Jan 29 06:50 tmp
drwxr-xr-x  12 root root    4096 Aug  5 12:55 usr
drwxr-xr-x  13 root root    4096 Jan 27 10:45 var
prajapali@Paliha:/$ cd ~
prajapali@Paliha:~$ pwd
/home/prajapali
prajapali@Paliha:~$ cd /
prajapali@Paliha:/$ cd /home/prajapali/
prajapali@Paliha:~$ cd /etc/
prajapali@Paliha:/etc$ cd /
prajapali@Paliha:/$ pwd
/
prajapali@Paliha:/$ cd ~
prajapali@Paliha:~$ pwd
/home/prajapali
prajapali@Paliha:~$ dir
prajapali@Paliha:~$ cd /etc/
prajapali@Paliha:/etc$ ls -l
total 796
drwxr-xr-x 2 root root       4096 Aug  5 12:57 PackageKit
drwxr-xr-x 7 root root       4096 Aug  5 12:57 X11
-rw-r--r-- 1 root root       3444 Jul  5  2023 adduser.conf
drwxr-xr-x 2 root root       4096 Jan 28 10:07 alternatives
drwxr-xr-x 2 root root       4096 Aug  5 12:57 apparmor
drwxr-xr-x 9 root root       4096 Aug  5 12:57 apparmor.d
drwxr-xr-x 3 root root       4096 Aug  5 12:57 apport
drwxr-xr-x 8 root root       4096 Aug  5 12:57 apt
-rw-r--r-- 1 root root       2319 Mar 31  2024 bash.bashrc
-rw-r--r-- 1 root root         45 Jan 24  2020 bash_completion
drwxr-xr-x 2 root root       4096 Aug  5 12:57 bash_completion.d
-rw-r--r-- 1 root root        367 Aug  2  2022 bindresvport.blacklist
drwxr-xr-x 2 root root       4096 Apr 19  2024 binfmt.d
drwxr-xr-x 2 root root       4096 Aug  5 12:57 byobu
drwxr-xr-x 3 root root       4096 Aug  5 12:55 ca-certificates
-rw-r--r-- 1 root root       6288 Aug  5 12:55 ca-certificates.conf
drwxr-xr-x 5 root root       4096 Jan 27 10:45 cloud
drwxr-xr-x 2 root root       4096 Aug  5 12:55 console-setup
drwx------ 2 root root       4096 Apr 19  2024 credstore
drwx------ 2 root root       4096 Apr 19  2024 credstore.encrypted
drwxr-xr-x 2 root root       4096 Aug  5 12:56 cron.d
drwxr-xr-x 2 root root       4096 Jan 28 10:07 cron.daily
drwxr-xr-x 2 root root       4096 Aug  5 12:55 cron.hourly
drwxr-xr-x 2 root root       4096 Aug  5 12:55 cron.monthly
drwxr-xr-x 2 root root       4096 Aug  5 12:57 cron.weekly
drwxr-xr-x 2 root root       4096 Aug  5 12:55 cron.yearly
-rw-r--r-- 1 root root       1136 Mar 30  2024 crontab
drwxr-xr-x 4 root root       4096 Aug  5 12:55 dbus-1
drwxr-xr-x 3 root root       4096 Aug  5 12:56 dconf
-rw-r--r-- 1 root root       2967 Apr 12  2024 debconf.conf
-rw-r--r-- 1 root root         11 Apr 22  2024 debian_version
drwxr-xr-x 2 root root       4096 Aug  5 12:57 default
-rw-r--r-- 1 root root       1706 Jul  5  2023 deluser.conf
drwxr-xr-x 2 root root       4096 Aug  5 12:56 depmod.d
drwxr-xr-x 3 root root       4096 Aug  5 12:55 dhcp
-rw-r--r-- 1 root root       1429 Mar 31  2024 dhcpcd.conf
drwxr-xr-x 4 root root       4096 Jan 28 10:07 dpkg
-rw-r--r-- 1 root root        685 Apr  8  2024 e2scrub.conf
-rw-r--r-- 1 root root        106 Aug  5 12:55 environment
drwxr-xr-x 2 root root       4096 Aug  5 12:57 environment.d
-rw-r--r-- 1 root root       1853 Oct 17  2022 ethertypes
drwxr-xr-x 4 root root       4096 Aug  5 12:57 fonts
-rw-r--r-- 1 root root         37 Aug  5 12:55 fstab
-rw-r--r-- 1 root root        694 Apr  8  2024 fuse.conf
-rw-r--r-- 1 root root       2584 Jan 30  2024 gai.conf
drwxr-xr-x 3 root root       4096 Aug  5 12:57 glvnd
drwxr-xr-x 2 root root       4096 Aug  5 12:56 gnutls
-rw-r--r-- 1 root root       3986 Mar 10  2025 gprofng.rc
drwxr-xr-x 2 root root       4096 Aug  5 12:57 groff
-rw-r--r-- 1 root root        786 Jan 27 10:48 group
-rw-r--r-- 1 root root        740 Jan 27 10:48 group-
-rw-r----- 1 root shadow      671 Jan 27 10:48 gshadow
-rw-r----- 1 root shadow      625 Jan 27 10:48 gshadow-
drwxr-xr-x 3 root root       4096 Aug  5 12:55 gss
drwxr-xr-x 2 root root       4096 Aug  5 12:57 gtk-3.0
-rw-r--r-- 1 root root         92 Apr 22  2024 host.conf
-rw-r--r-- 1 root root          7 Jan 28 09:19 hostname
-rw-r--r-- 1 root root        409 Jan 28 09:19 hosts
drwxr-xr-x 2 root root       4096 Aug  5 12:57 init.d
-rw-r--r-- 1 root root       1875 Mar 31  2024 inputrc
drwxr-xr-x 4 root root       4096 Aug  5 12:56 iproute2
-rw-r--r-- 1 root root         26 Aug  1 10:21 issue
-rw-r--r-- 1 root root         19 Aug  1 10:21 issue.net
drwxr-xr-x 4 root root       4096 Aug  5 12:55 kernel
drwxrwxr-x 2 root landscape  4096 Aug  5 12:57 landscape
-rw-r--r-- 1 root root      17515 Jan 28 10:08 ld.so.cache
-rw-r--r-- 1 root root         34 Aug  2  2022 ld.so.conf
drwxr-xr-x 2 root root       4096 Jan 28 10:07 ld.so.conf.d
drwxr-xr-x 2 root root       4096 Aug  5 12:57 ldap
-rw-r--r-- 1 root root        267 Apr 22  2024 legal
-rw-r--r-- 1 root root        191 Mar 30  2024 libaudit.conf
-rw-r--r-- 1 root root       2996 Mar 30  2024 locale.alias
-rw-r--r-- 1 root root         13 Aug  5 12:55 locale.conf
-rw-r--r-- 1 root root       9565 Jan 28 10:07 locale.gen
lrwxrwxrwx 1 root root         35 Jan 29 07:02 localtime -> /usr/share/zoneinfo/America/Toronto
drwxr-xr-x 3 root root       4096 Aug  5 12:55 logcheck
-rw-r--r-- 1 root root      12345 Feb 22  2024 login.defs
-rw-r--r-- 1 root root        586 Apr  8  2024 logrotate.conf
drwxr-xr-x 2 root root       4096 Jan 28 10:07 logrotate.d
-rw-r--r-- 1 root root        104 Aug  1 10:21 lsb-release
-r--r--r-- 1 root root         33 Jan 27 10:45 machine-id
-rw-r--r-- 1 root root        111 Mar 31  2024 magic
-rw-r--r-- 1 root root        111 Mar 31  2024 magic.mime
-rw-r--r-- 1 root root       5230 Apr  8  2024 manpath.config
-rw-r--r-- 1 root root      75113 Jul 12  2023 mime.types
-rw-r--r-- 1 root root        744 Apr  8  2024 mke2fs.conf
drwxr-xr-x 2 root root       4096 Aug  5 12:56 modprobe.d
-rw-r--r-- 1 root root        212 Aug  5 12:55 modules
drwxr-xr-x 2 root root       4096 Aug  5 12:56 modules-load.d
lrwxrwxrwx 1 root root         19 Aug  5 12:55 mtab -> ../proc/self/mounts
-rw-r--r-- 1 root root      11424 May 23  2023 nanorc
-rw-r--r-- 1 root root        767 Mar 30  2024 netconfig
drwxr-xr-x 2 root root       4096 Apr 18  2024 netplan
drwxr-xr-x 4 root root       4096 Aug  5 12:56 network
drwxr-xr-x 8 root root       4096 Aug  5 12:55 networkd-dispatcher
-rw-r--r-- 1 root root         91 Apr 22  2024 networks
drwxr-xr-x 2 root root       4096 Aug  5 12:55 newt
-rw-r--r-- 1 root root        526 Aug  5 12:55 nsswitch.conf
drwxr-xr-x 2 root root       4096 Aug  5 12:55 opt
lrwxrwxrwx 1 root root         21 Aug  1 10:21 os-release -> ../usr/lib/os-release
-rw-r--r-- 1 root root        552 Oct 13  2022 pam.conf
drwxr-xr-x 2 root root       4096 Jan 28 10:07 pam.d
-rw-r--r-- 1 root root       1432 Jan 27 10:48 passwd
-rw-r--r-- 1 root root       1429 Jan 27 10:47 passwd-
drwxr-xr-x 3 root root       4096 Aug  5 12:56 perl
drwxr-xr-x 3 root root       4096 Aug  5 12:57 pm
drwxr-xr-x 3 root root       4096 Aug  5 12:57 polkit-1
-rw-r--r-- 1 root root        582 Apr 22  2024 profile
drwxr-xr-x 2 root root       4096 Aug  5 12:57 profile.d
-rw-r--r-- 1 root root       3144 Oct 17  2022 protocols
drwxr-xr-x 2 root root       4096 Aug  5 12:55 python3
drwxr-xr-x 2 root root       4096 Jan 28 10:07 python3.12
drwxr-xr-x 2 root root       4096 Aug  5 12:57 rc0.d
drwxr-xr-x 2 root root       4096 Aug  5 12:56 rc1.d
drwxr-xr-x 2 root root       4096 Aug  5 12:57 rc2.d
drwxr-xr-x 2 root root       4096 Aug  5 12:57 rc3.d
drwxr-xr-x 2 root root       4096 Aug  5 12:57 rc4.d
drwxr-xr-x 2 root root       4096 Aug  5 12:57 rc5.d
drwxr-xr-x 2 root root       4096 Aug  5 12:57 rc6.d
drwxr-xr-x 2 root root       4096 Aug  5 12:57 rcS.d
lrwxrwxrwx 1 root root         20 Jan 28 09:19 resolv.conf -> /mnt/wsl/resolv.conf
lrwxrwxrwx 1 root root         13 Apr  8  2024 rmt -> /usr/sbin/rmt
-rw-r--r-- 1 root root        911 Oct 17  2022 rpc
-rw-r--r-- 1 root root       1213 Mar 21  2024 rsyslog.conf
drwxr-xr-x 2 root root       4096 Aug  5 12:57 rsyslog.d
drwxr-xr-x 4 root root       4096 Jan 28 10:07 security
drwxr-xr-x 2 root root       4096 Aug  5 12:55 selinux
drwxr-xr-x 2 root root       4096 Aug  5 12:57 sensors.d
-rw-r--r-- 1 root root      10593 Mar 30  2024 sensors3.conf
-rw-r--r-- 1 root root      12813 Mar 27  2021 services
drwxr-xr-x 2 root root       4096 Aug  5 12:57 sgml
-rw-r----- 1 root shadow      805 Jan 27 10:48 shadow
-rw-r----- 1 root shadow      702 Aug  5 12:57 shadow-
-rw-r--r-- 1 root root        132 Aug  5 12:57 shells
drwxr-xr-x 2 root root       4096 Aug  5 12:55 skel
drwxr-xr-x 3 root root       4096 Aug  5 12:57 ssh
drwxr-xr-x 4 root root       4096 Jan 28 10:07 ssl
-rw-r--r-- 1 root root         23 Jan 27 10:47 subgid
-rw-r--r-- 1 root root          0 Aug  5 12:55 subgid-
-rw-r--r-- 1 root root         23 Jan 27 10:47 subuid
-rw-r--r-- 1 root root          0 Aug  5 12:55 subuid-
-rw-r--r-- 1 root root       4343 Apr  8  2024 sudo.conf
-rw-r--r-- 1 root root       9804 Apr  8  2024 sudo_logsrvd.conf
-r--r----- 1 root root       1800 Jan 29  2024 sudoers
drwxr-xr-x 2 root root       4096 Aug  5 12:56 sudoers.d
drwxr-xr-x 2 root root       4096 Aug  5 12:55 supercat
-rw-r--r-- 1 root root       2209 Mar 24  2024 sysctl.conf
drwxr-xr-x 2 root root       4096 Aug  5 12:56 sysctl.d
drwxr-xr-x 6 root root       4096 Aug  5 12:56 systemd
drwxr-xr-x 2 root root       4096 Aug  5 12:55 terminfo
-rw-r--r-- 1 root root         16 Jan 29 07:02 timezone
drwxr-xr-x 2 root root       4096 Apr 19  2024 tmpfiles.d
drwxr-xr-x 2 root root       4096 Aug  5 12:56 ubuntu-advantage
-rw-r--r-- 1 root root       1260 Jan 27  2023 ucf.conf
drwxr-xr-x 4 root root       4096 Aug  5 12:56 udev
drwxr-xr-x 3 root root       4096 Aug  5 12:57 update-manager
drwxr-xr-x 2 root root       4096 Aug  5 12:57 update-motd.d
lrwxrwxrwx 1 root root         16 Aug  5 12:55 vconsole.conf -> default/keyboard
drwxr-xr-x 2 root root       4096 Jan 28 10:07 vim
lrwxrwxrwx 1 root root         23 Feb 26  2024 vtrgb -> /etc/alternatives/vtrgb
drwxr-xr-x 5 root root       4096 Aug  5 12:57 vulkan
-rw-r--r-- 1 root root       4942 Jun 19  2024 wgetrc
-rw-r--r-- 1 root root        204 Aug  5 12:57 wsl-distribution.conf
-rw-r--r-- 1 root root         46 Jan 27 10:48 wsl.conf
-rw-r--r-- 1 root root        681 Apr  8  2024 xattr.conf
drwxr-xr-x 5 root root       4096 Aug  5 12:56 xdg
drwxr-xr-x 2 root root       4096 Aug  5 12:57 xml
-rw-r--r-- 1 root root        460 Jan 20  2023 zsh_command_not_found
prajapali@Paliha:/etc$ dir
PackageKit              cron.daily      fstab       kernel          mime.types           pm            selinux            sysctl.d
X11                     cron.hourly     fuse.conf   landscape       mke2fs.conf          polkit-1      sensors.d          systemd
adduser.conf            cron.monthly    gai.conf    ld.so.cache     modprobe.d           profile       sensors3.conf      terminfo
alternatives            cron.weekly     glvnd       ld.so.conf      modules              profile.d     services           timezone
apparmor                cron.yearly     gnutls      ld.so.conf.d    modules-load.d       protocols     sgml               tmpfiles.d
apparmor.d              crontab         gprofng.rc  ldap            mtab                 python3       shadow             ubuntu-advantage
apport                  dbus-1          groff       legal           nanorc               python3.12    shadow-            ucf.conf
apt                     dconf           group       libaudit.conf   netconfig            rc0.d         shells             udev
bash.bashrc             debconf.conf    group-      locale.alias    netplan              rc1.d         skel               update-manager
bash_completion         debian_version  gshadow     locale.conf     network              rc2.d         ssh                update-motd.d
bash_completion.d       default         gshadow-    locale.gen      networkd-dispatcher  rc3.d         ssl                vconsole.conf
bindresvport.blacklist  deluser.conf    gss         localtime       networks             rc4.d         subgid             vim
binfmt.d                depmod.d        gtk-3.0     logcheck        newt                 rc5.d         subgid-            vtrgb
byobu                   dhcp            host.conf   login.defs      nsswitch.conf        rc6.d         subuid             vulkan
ca-certificates         dhcpcd.conf     hostname    logrotate.conf  opt                  rcS.d         subuid-            wgetrc
ca-certificates.conf    dpkg            hosts       logrotate.d     os-release           resolv.conf   sudo.conf          wsl-distribution.conf
cloud                   e2scrub.conf    init.d      lsb-release     pam.conf             rmt           sudo_logsrvd.conf  wsl.conf
console-setup           environment     inputrc     machine-id      pam.d                rpc           sudoers            xattr.conf
credstore               environment.d   iproute2    magic           passwd               rsyslog.conf  sudoers.d          xdg
credstore.encrypted     ethertypes      issue       magic.mime      passwd-              rsyslog.d     supercat           xml
cron.d                  fonts           issue.net   manpath.config  perl                 security      sysctl.conf        zsh_command_not_found
prajapali@Paliha:/etc$ ls -l
total 796
drwxr-xr-x 2 root root       4096 Aug  5 12:57 PackageKit
drwxr-xr-x 7 root root       4096 Aug  5 12:57 X11
-rw-r--r-- 1 root root       3444 Jul  5  2023 adduser.conf
drwxr-xr-x 2 root root       4096 Jan 28 10:07 alternatives
drwxr-xr-x 2 root root       4096 Aug  5 12:57 apparmor
drwxr-xr-x 9 root root       4096 Aug  5 12:57 apparmor.d
drwxr-xr-x 3 root root       4096 Aug  5 12:57 apport
drwxr-xr-x 8 root root       4096 Aug  5 12:57 apt
-rw-r--r-- 1 root root       2319 Mar 31  2024 bash.bashrc
-rw-r--r-- 1 root root         45 Jan 24  2020 bash_completion
drwxr-xr-x 2 root root       4096 Aug  5 12:57 bash_completion.d
-rw-r--r-- 1 root root        367 Aug  2  2022 bindresvport.blacklist
drwxr-xr-x 2 root root       4096 Apr 19  2024 binfmt.d
drwxr-xr-x 2 root root       4096 Aug  5 12:57 byobu
drwxr-xr-x 3 root root       4096 Aug  5 12:55 ca-certificates
-rw-r--r-- 1 root root       6288 Aug  5 12:55 ca-certificates.conf
drwxr-xr-x 5 root root       4096 Jan 27 10:45 cloud
drwxr-xr-x 2 root root       4096 Aug  5 12:55 console-setup
drwx------ 2 root root       4096 Apr 19  2024 credstore
drwx------ 2 root root       4096 Apr 19  2024 credstore.encrypted
drwxr-xr-x 2 root root       4096 Aug  5 12:56 cron.d
drwxr-xr-x 2 root root       4096 Jan 28 10:07 cron.daily
drwxr-xr-x 2 root root       4096 Aug  5 12:55 cron.hourly
drwxr-xr-x 2 root root       4096 Aug  5 12:55 cron.monthly
drwxr-xr-x 2 root root       4096 Aug  5 12:57 cron.weekly
drwxr-xr-x 2 root root       4096 Aug  5 12:55 cron.yearly
-rw-r--r-- 1 root root       1136 Mar 30  2024 crontab
drwxr-xr-x 4 root root       4096 Aug  5 12:55 dbus-1
drwxr-xr-x 3 root root       4096 Aug  5 12:56 dconf
-rw-r--r-- 1 root root       2967 Apr 12  2024 debconf.conf
-rw-r--r-- 1 root root         11 Apr 22  2024 debian_version
drwxr-xr-x 2 root root       4096 Aug  5 12:57 default
-rw-r--r-- 1 root root       1706 Jul  5  2023 deluser.conf
drwxr-xr-x 2 root root       4096 Aug  5 12:56 depmod.d
drwxr-xr-x 3 root root       4096 Aug  5 12:55 dhcp
-rw-r--r-- 1 root root       1429 Mar 31  2024 dhcpcd.conf
drwxr-xr-x 4 root root       4096 Jan 28 10:07 dpkg
-rw-r--r-- 1 root root        685 Apr  8  2024 e2scrub.conf
-rw-r--r-- 1 root root        106 Aug  5 12:55 environment
drwxr-xr-x 2 root root       4096 Aug  5 12:57 environment.d
-rw-r--r-- 1 root root       1853 Oct 17  2022 ethertypes
drwxr-xr-x 4 root root       4096 Aug  5 12:57 fonts
-rw-r--r-- 1 root root         37 Aug  5 12:55 fstab
-rw-r--r-- 1 root root        694 Apr  8  2024 fuse.conf
-rw-r--r-- 1 root root       2584 Jan 30  2024 gai.conf
drwxr-xr-x 3 root root       4096 Aug  5 12:57 glvnd
drwxr-xr-x 2 root root       4096 Aug  5 12:56 gnutls
-rw-r--r-- 1 root root       3986 Mar 10  2025 gprofng.rc
drwxr-xr-x 2 root root       4096 Aug  5 12:57 groff
-rw-r--r-- 1 root root        786 Jan 27 10:48 group
-rw-r--r-- 1 root root        740 Jan 27 10:48 group-
-rw-r----- 1 root shadow      671 Jan 27 10:48 gshadow
-rw-r----- 1 root shadow      625 Jan 27 10:48 gshadow-
drwxr-xr-x 3 root root       4096 Aug  5 12:55 gss
drwxr-xr-x 2 root root       4096 Aug  5 12:57 gtk-3.0
-rw-r--r-- 1 root root         92 Apr 22  2024 host.conf
-rw-r--r-- 1 root root          7 Jan 28 09:19 hostname
-rw-r--r-- 1 root root        409 Jan 28 09:19 hosts
drwxr-xr-x 2 root root       4096 Aug  5 12:57 init.d
-rw-r--r-- 1 root root       1875 Mar 31  2024 inputrc
drwxr-xr-x 4 root root       4096 Aug  5 12:56 iproute2
-rw-r--r-- 1 root root         26 Aug  1 10:21 issue
-rw-r--r-- 1 root root         19 Aug  1 10:21 issue.net
drwxr-xr-x 4 root root       4096 Aug  5 12:55 kernel
drwxrwxr-x 2 root landscape  4096 Aug  5 12:57 landscape
-rw-r--r-- 1 root root      17515 Jan 28 10:08 ld.so.cache
-rw-r--r-- 1 root root         34 Aug  2  2022 ld.so.conf
drwxr-xr-x 2 root root       4096 Jan 28 10:07 ld.so.conf.d
drwxr-xr-x 2 root root       4096 Aug  5 12:57 ldap
-rw-r--r-- 1 root root        267 Apr 22  2024 legal
-rw-r--r-- 1 root root        191 Mar 30  2024 libaudit.conf
-rw-r--r-- 1 root root       2996 Mar 30  2024 locale.alias
-rw-r--r-- 1 root root         13 Aug  5 12:55 locale.conf
-rw-r--r-- 1 root root       9565 Jan 28 10:07 locale.gen
lrwxrwxrwx 1 root root         35 Jan 29 07:02 localtime -> /usr/share/zoneinfo/America/Toronto
drwxr-xr-x 3 root root       4096 Aug  5 12:55 logcheck
-rw-r--r-- 1 root root      12345 Feb 22  2024 login.defs
-rw-r--r-- 1 root root        586 Apr  8  2024 logrotate.conf
drwxr-xr-x 2 root root       4096 Jan 28 10:07 logrotate.d
-rw-r--r-- 1 root root        104 Aug  1 10:21 lsb-release
-r--r--r-- 1 root root         33 Jan 27 10:45 machine-id
-rw-r--r-- 1 root root        111 Mar 31  2024 magic
-rw-r--r-- 1 root root        111 Mar 31  2024 magic.mime
-rw-r--r-- 1 root root       5230 Apr  8  2024 manpath.config
-rw-r--r-- 1 root root      75113 Jul 12  2023 mime.types
-rw-r--r-- 1 root root        744 Apr  8  2024 mke2fs.conf
drwxr-xr-x 2 root root       4096 Aug  5 12:56 modprobe.d
-rw-r--r-- 1 root root        212 Aug  5 12:55 modules
drwxr-xr-x 2 root root       4096 Aug  5 12:56 modules-load.d
lrwxrwxrwx 1 root root         19 Aug  5 12:55 mtab -> ../proc/self/mounts
-rw-r--r-- 1 root root      11424 May 23  2023 nanorc
-rw-r--r-- 1 root root        767 Mar 30  2024 netconfig
drwxr-xr-x 2 root root       4096 Apr 18  2024 netplan
drwxr-xr-x 4 root root       4096 Aug  5 12:56 network
drwxr-xr-x 8 root root       4096 Aug  5 12:55 networkd-dispatcher
-rw-r--r-- 1 root root         91 Apr 22  2024 networks
drwxr-xr-x 2 root root       4096 Aug  5 12:55 newt
-rw-r--r-- 1 root root        526 Aug  5 12:55 nsswitch.conf
drwxr-xr-x 2 root root       4096 Aug  5 12:55 opt
lrwxrwxrwx 1 root root         21 Aug  1 10:21 os-release -> ../usr/lib/os-release
-rw-r--r-- 1 root root        552 Oct 13  2022 pam.conf
drwxr-xr-x 2 root root       4096 Jan 28 10:07 pam.d
-rw-r--r-- 1 root root       1432 Jan 27 10:48 passwd
-rw-r--r-- 1 root root       1429 Jan 27 10:47 passwd-
drwxr-xr-x 3 root root       4096 Aug  5 12:56 perl
drwxr-xr-x 3 root root       4096 Aug  5 12:57 pm
drwxr-xr-x 3 root root       4096 Aug  5 12:57 polkit-1
-rw-r--r-- 1 root root        582 Apr 22  2024 profile
drwxr-xr-x 2 root root       4096 Aug  5 12:57 profile.d
-rw-r--r-- 1 root root       3144 Oct 17  2022 protocols
drwxr-xr-x 2 root root       4096 Aug  5 12:55 python3
drwxr-xr-x 2 root root       4096 Jan 28 10:07 python3.12
drwxr-xr-x 2 root root       4096 Aug  5 12:57 rc0.d
drwxr-xr-x 2 root root       4096 Aug  5 12:56 rc1.d
drwxr-xr-x 2 root root       4096 Aug  5 12:57 rc2.d
drwxr-xr-x 2 root root       4096 Aug  5 12:57 rc3.d
drwxr-xr-x 2 root root       4096 Aug  5 12:57 rc4.d
drwxr-xr-x 2 root root       4096 Aug  5 12:57 rc5.d
drwxr-xr-x 2 root root       4096 Aug  5 12:57 rc6.d
drwxr-xr-x 2 root root       4096 Aug  5 12:57 rcS.d
lrwxrwxrwx 1 root root         20 Jan 28 09:19 resolv.conf -> /mnt/wsl/resolv.conf
lrwxrwxrwx 1 root root         13 Apr  8  2024 rmt -> /usr/sbin/rmt
-rw-r--r-- 1 root root        911 Oct 17  2022 rpc
-rw-r--r-- 1 root root       1213 Mar 21  2024 rsyslog.conf
drwxr-xr-x 2 root root       4096 Aug  5 12:57 rsyslog.d
drwxr-xr-x 4 root root       4096 Jan 28 10:07 security
drwxr-xr-x 2 root root       4096 Aug  5 12:55 selinux
drwxr-xr-x 2 root root       4096 Aug  5 12:57 sensors.d
-rw-r--r-- 1 root root      10593 Mar 30  2024 sensors3.conf
-rw-r--r-- 1 root root      12813 Mar 27  2021 services
drwxr-xr-x 2 root root       4096 Aug  5 12:57 sgml
-rw-r----- 1 root shadow      805 Jan 27 10:48 shadow
-rw-r----- 1 root shadow      702 Aug  5 12:57 shadow-
-rw-r--r-- 1 root root        132 Aug  5 12:57 shells
drwxr-xr-x 2 root root       4096 Aug  5 12:55 skel
drwxr-xr-x 3 root root       4096 Aug  5 12:57 ssh
drwxr-xr-x 4 root root       4096 Jan 28 10:07 ssl
-rw-r--r-- 1 root root         23 Jan 27 10:47 subgid
-rw-r--r-- 1 root root          0 Aug  5 12:55 subgid-
-rw-r--r-- 1 root root         23 Jan 27 10:47 subuid
-rw-r--r-- 1 root root          0 Aug  5 12:55 subuid-
-rw-r--r-- 1 root root       4343 Apr  8  2024 sudo.conf
-rw-r--r-- 1 root root       9804 Apr  8  2024 sudo_logsrvd.conf
-r--r----- 1 root root       1800 Jan 29  2024 sudoers
drwxr-xr-x 2 root root       4096 Aug  5 12:56 sudoers.d
drwxr-xr-x 2 root root       4096 Aug  5 12:55 supercat
-rw-r--r-- 1 root root       2209 Mar 24  2024 sysctl.conf
drwxr-xr-x 2 root root       4096 Aug  5 12:56 sysctl.d
drwxr-xr-x 6 root root       4096 Aug  5 12:56 systemd
drwxr-xr-x 2 root root       4096 Aug  5 12:55 terminfo
-rw-r--r-- 1 root root         16 Jan 29 07:02 timezone
drwxr-xr-x 2 root root       4096 Apr 19  2024 tmpfiles.d
drwxr-xr-x 2 root root       4096 Aug  5 12:56 ubuntu-advantage
-rw-r--r-- 1 root root       1260 Jan 27  2023 ucf.conf
drwxr-xr-x 4 root root       4096 Aug  5 12:56 udev
drwxr-xr-x 3 root root       4096 Aug  5 12:57 update-manager
drwxr-xr-x 2 root root       4096 Aug  5 12:57 update-motd.d
lrwxrwxrwx 1 root root         16 Aug  5 12:55 vconsole.conf -> default/keyboard
drwxr-xr-x 2 root root       4096 Jan 28 10:07 vim
lrwxrwxrwx 1 root root         23 Feb 26  2024 vtrgb -> /etc/alternatives/vtrgb
drwxr-xr-x 5 root root       4096 Aug  5 12:57 vulkan
-rw-r--r-- 1 root root       4942 Jun 19  2024 wgetrc
-rw-r--r-- 1 root root        204 Aug  5 12:57 wsl-distribution.conf
-rw-r--r-- 1 root root         46 Jan 27 10:48 wsl.conf
-rw-r--r-- 1 root root        681 Apr  8  2024 xattr.conf
drwxr-xr-x 5 root root       4096 Aug  5 12:56 xdg
drwxr-xr-x 2 root root       4096 Aug  5 12:57 xml
-rw-r--r-- 1 root root        460 Jan 20  2023 zsh_command_not_found
prajapali@Paliha:/etc$ ls -l
total 796
drwxr-xr-x 2 root root       4096 Aug  5 12:57 PackageKit
drwxr-xr-x 7 root root       4096 Aug  5 12:57 X11
-rw-r--r-- 1 root root       3444 Jul  5  2023 adduser.conf
drwxr-xr-x 2 root root       4096 Jan 28 10:07 alternatives
drwxr-xr-x 2 root root       4096 Aug  5 12:57 apparmor
drwxr-xr-x 9 root root       4096 Aug  5 12:57 apparmor.d
drwxr-xr-x 3 root root       4096 Aug  5 12:57 apport
drwxr-xr-x 8 root root       4096 Aug  5 12:57 apt
-rw-r--r-- 1 root root       2319 Mar 31  2024 bash.bashrc
-rw-r--r-- 1 root root         45 Jan 24  2020 bash_completion
drwxr-xr-x 2 root root       4096 Aug  5 12:57 bash_completion.d
-rw-r--r-- 1 root root        367 Aug  2  2022 bindresvport.blacklist
drwxr-xr-x 2 root root       4096 Apr 19  2024 binfmt.d
drwxr-xr-x 2 root root       4096 Aug  5 12:57 byobu
drwxr-xr-x 3 root root       4096 Aug  5 12:55 ca-certificates
-rw-r--r-- 1 root root       6288 Aug  5 12:55 ca-certificates.conf
drwxr-xr-x 5 root root       4096 Jan 27 10:45 cloud
drwxr-xr-x 2 root root       4096 Aug  5 12:55 console-setup
drwx------ 2 root root       4096 Apr 19  2024 credstore
drwx------ 2 root root       4096 Apr 19  2024 credstore.encrypted
drwxr-xr-x 2 root root       4096 Aug  5 12:56 cron.d
drwxr-xr-x 2 root root       4096 Jan 28 10:07 cron.daily
drwxr-xr-x 2 root root       4096 Aug  5 12:55 cron.hourly
drwxr-xr-x 2 root root       4096 Aug  5 12:55 cron.monthly
drwxr-xr-x 2 root root       4096 Aug  5 12:57 cron.weekly
drwxr-xr-x 2 root root       4096 Aug  5 12:55 cron.yearly
-rw-r--r-- 1 root root       1136 Mar 30  2024 crontab
drwxr-xr-x 4 root root       4096 Aug  5 12:55 dbus-1
drwxr-xr-x 3 root root       4096 Aug  5 12:56 dconf
-rw-r--r-- 1 root root       2967 Apr 12  2024 debconf.conf
-rw-r--r-- 1 root root         11 Apr 22  2024 debian_version
drwxr-xr-x 2 root root       4096 Aug  5 12:57 default
-rw-r--r-- 1 root root       1706 Jul  5  2023 deluser.conf
drwxr-xr-x 2 root root       4096 Aug  5 12:56 depmod.d
drwxr-xr-x 3 root root       4096 Aug  5 12:55 dhcp
-rw-r--r-- 1 root root       1429 Mar 31  2024 dhcpcd.conf
drwxr-xr-x 4 root root       4096 Jan 28 10:07 dpkg
-rw-r--r-- 1 root root        685 Apr  8  2024 e2scrub.conf
-rw-r--r-- 1 root root        106 Aug  5 12:55 environment
drwxr-xr-x 2 root root       4096 Aug  5 12:57 environment.d
-rw-r--r-- 1 root root       1853 Oct 17  2022 ethertypes
drwxr-xr-x 4 root root       4096 Aug  5 12:57 fonts
-rw-r--r-- 1 root root         37 Aug  5 12:55 fstab
-rw-r--r-- 1 root root        694 Apr  8  2024 fuse.conf
-rw-r--r-- 1 root root       2584 Jan 30  2024 gai.conf
drwxr-xr-x 3 root root       4096 Aug  5 12:57 glvnd
drwxr-xr-x 2 root root       4096 Aug  5 12:56 gnutls
-rw-r--r-- 1 root root       3986 Mar 10  2025 gprofng.rc
drwxr-xr-x 2 root root       4096 Aug  5 12:57 groff
-rw-r--r-- 1 root root        786 Jan 27 10:48 group
-rw-r--r-- 1 root root        740 Jan 27 10:48 group-
-rw-r----- 1 root shadow      671 Jan 27 10:48 gshadow
-rw-r----- 1 root shadow      625 Jan 27 10:48 gshadow-
drwxr-xr-x 3 root root       4096 Aug  5 12:55 gss
drwxr-xr-x 2 root root       4096 Aug  5 12:57 gtk-3.0
-rw-r--r-- 1 root root         92 Apr 22  2024 host.conf
-rw-r--r-- 1 root root          7 Jan 28 09:19 hostname
-rw-r--r-- 1 root root        409 Jan 28 09:19 hosts
drwxr-xr-x 2 root root       4096 Aug  5 12:57 init.d
-rw-r--r-- 1 root root       1875 Mar 31  2024 inputrc
drwxr-xr-x 4 root root       4096 Aug  5 12:56 iproute2
-rw-r--r-- 1 root root         26 Aug  1 10:21 issue
-rw-r--r-- 1 root root         19 Aug  1 10:21 issue.net
drwxr-xr-x 4 root root       4096 Aug  5 12:55 kernel
drwxrwxr-x 2 root landscape  4096 Aug  5 12:57 landscape
-rw-r--r-- 1 root root      17515 Jan 28 10:08 ld.so.cache
-rw-r--r-- 1 root root         34 Aug  2  2022 ld.so.conf
drwxr-xr-x 2 root root       4096 Jan 28 10:07 ld.so.conf.d
drwxr-xr-x 2 root root       4096 Aug  5 12:57 ldap
-rw-r--r-- 1 root root        267 Apr 22  2024 legal
-rw-r--r-- 1 root root        191 Mar 30  2024 libaudit.conf
-rw-r--r-- 1 root root       2996 Mar 30  2024 locale.alias
-rw-r--r-- 1 root root         13 Aug  5 12:55 locale.conf
-rw-r--r-- 1 root root       9565 Jan 28 10:07 locale.gen
lrwxrwxrwx 1 root root         35 Jan 29 07:02 localtime -> /usr/share/zoneinfo/America/Toronto
drwxr-xr-x 3 root root       4096 Aug  5 12:55 logcheck
-rw-r--r-- 1 root root      12345 Feb 22  2024 login.defs
-rw-r--r-- 1 root root        586 Apr  8  2024 logrotate.conf
drwxr-xr-x 2 root root       4096 Jan 28 10:07 logrotate.d
-rw-r--r-- 1 root root        104 Aug  1 10:21 lsb-release
-r--r--r-- 1 root root         33 Jan 27 10:45 machine-id
-rw-r--r-- 1 root root        111 Mar 31  2024 magic
-rw-r--r-- 1 root root        111 Mar 31  2024 magic.mime
-rw-r--r-- 1 root root       5230 Apr  8  2024 manpath.config
-rw-r--r-- 1 root root      75113 Jul 12  2023 mime.types
-rw-r--r-- 1 root root        744 Apr  8  2024 mke2fs.conf
drwxr-xr-x 2 root root       4096 Aug  5 12:56 modprobe.d
-rw-r--r-- 1 root root        212 Aug  5 12:55 modules
drwxr-xr-x 2 root root       4096 Aug  5 12:56 modules-load.d
lrwxrwxrwx 1 root root         19 Aug  5 12:55 mtab -> ../proc/self/mounts
-rw-r--r-- 1 root root      11424 May 23  2023 nanorc
-rw-r--r-- 1 root root        767 Mar 30  2024 netconfig
drwxr-xr-x 2 root root       4096 Apr 18  2024 netplan
drwxr-xr-x 4 root root       4096 Aug  5 12:56 network
drwxr-xr-x 8 root root       4096 Aug  5 12:55 networkd-dispatcher
-rw-r--r-- 1 root root         91 Apr 22  2024 networks
drwxr-xr-x 2 root root       4096 Aug  5 12:55 newt
-rw-r--r-- 1 root root        526 Aug  5 12:55 nsswitch.conf
drwxr-xr-x 2 root root       4096 Aug  5 12:55 opt
lrwxrwxrwx 1 root root         21 Aug  1 10:21 os-release -> ../usr/lib/os-release
-rw-r--r-- 1 root root        552 Oct 13  2022 pam.conf
drwxr-xr-x 2 root root       4096 Jan 28 10:07 pam.d
-rw-r--r-- 1 root root       1432 Jan 27 10:48 passwd
-rw-r--r-- 1 root root       1429 Jan 27 10:47 passwd-
drwxr-xr-x 3 root root       4096 Aug  5 12:56 perl
drwxr-xr-x 3 root root       4096 Aug  5 12:57 pm
drwxr-xr-x 3 root root       4096 Aug  5 12:57 polkit-1
-rw-r--r-- 1 root root        582 Apr 22  2024 profile
drwxr-xr-x 2 root root       4096 Aug  5 12:57 profile.d
-rw-r--r-- 1 root root       3144 Oct 17  2022 protocols
drwxr-xr-x 2 root root       4096 Aug  5 12:55 python3
drwxr-xr-x 2 root root       4096 Jan 28 10:07 python3.12
drwxr-xr-x 2 root root       4096 Aug  5 12:57 rc0.d
drwxr-xr-x 2 root root       4096 Aug  5 12:56 rc1.d
drwxr-xr-x 2 root root       4096 Aug  5 12:57 rc2.d
drwxr-xr-x 2 root root       4096 Aug  5 12:57 rc3.d
drwxr-xr-x 2 root root       4096 Aug  5 12:57 rc4.d
drwxr-xr-x 2 root root       4096 Aug  5 12:57 rc5.d
drwxr-xr-x 2 root root       4096 Aug  5 12:57 rc6.d
drwxr-xr-x 2 root root       4096 Aug  5 12:57 rcS.d
lrwxrwxrwx 1 root root         20 Jan 28 09:19 resolv.conf -> /mnt/wsl/resolv.conf
lrwxrwxrwx 1 root root         13 Apr  8  2024 rmt -> /usr/sbin/rmt
-rw-r--r-- 1 root root        911 Oct 17  2022 rpc
-rw-r--r-- 1 root root       1213 Mar 21  2024 rsyslog.conf
drwxr-xr-x 2 root root       4096 Aug  5 12:57 rsyslog.d
drwxr-xr-x 4 root root       4096 Jan 28 10:07 security
drwxr-xr-x 2 root root       4096 Aug  5 12:55 selinux
drwxr-xr-x 2 root root       4096 Aug  5 12:57 sensors.d
-rw-r--r-- 1 root root      10593 Mar 30  2024 sensors3.conf
-rw-r--r-- 1 root root      12813 Mar 27  2021 services
drwxr-xr-x 2 root root       4096 Aug  5 12:57 sgml
-rw-r----- 1 root shadow      805 Jan 27 10:48 shadow
-rw-r----- 1 root shadow      702 Aug  5 12:57 shadow-
-rw-r--r-- 1 root root        132 Aug  5 12:57 shells
drwxr-xr-x 2 root root       4096 Aug  5 12:55 skel
drwxr-xr-x 3 root root       4096 Aug  5 12:57 ssh
drwxr-xr-x 4 root root       4096 Jan 28 10:07 ssl
-rw-r--r-- 1 root root         23 Jan 27 10:47 subgid
-rw-r--r-- 1 root root          0 Aug  5 12:55 subgid-
-rw-r--r-- 1 root root         23 Jan 27 10:47 subuid
-rw-r--r-- 1 root root          0 Aug  5 12:55 subuid-
-rw-r--r-- 1 root root       4343 Apr  8  2024 sudo.conf
-rw-r--r-- 1 root root       9804 Apr  8  2024 sudo_logsrvd.conf
-r--r----- 1 root root       1800 Jan 29  2024 sudoers
drwxr-xr-x 2 root root       4096 Aug  5 12:56 sudoers.d
drwxr-xr-x 2 root root       4096 Aug  5 12:55 supercat
-rw-r--r-- 1 root root       2209 Mar 24  2024 sysctl.conf
drwxr-xr-x 2 root root       4096 Aug  5 12:56 sysctl.d
drwxr-xr-x 6 root root       4096 Aug  5 12:56 systemd
drwxr-xr-x 2 root root       4096 Aug  5 12:55 terminfo
-rw-r--r-- 1 root root         16 Jan 29 07:02 timezone
drwxr-xr-x 2 root root       4096 Apr 19  2024 tmpfiles.d
drwxr-xr-x 2 root root       4096 Aug  5 12:56 ubuntu-advantage
-rw-r--r-- 1 root root       1260 Jan 27  2023 ucf.conf
drwxr-xr-x 4 root root       4096 Aug  5 12:56 udev
drwxr-xr-x 3 root root       4096 Aug  5 12:57 update-manager
drwxr-xr-x 2 root root       4096 Aug  5 12:57 update-motd.d
lrwxrwxrwx 1 root root         16 Aug  5 12:55 vconsole.conf -> default/keyboard
drwxr-xr-x 2 root root       4096 Jan 28 10:07 vim
lrwxrwxrwx 1 root root         23 Feb 26  2024 vtrgb -> /etc/alternatives/vtrgb
drwxr-xr-x 5 root root       4096 Aug  5 12:57 vulkan
-rw-r--r-- 1 root root       4942 Jun 19  2024 wgetrc
-rw-r--r-- 1 root root        204 Aug  5 12:57 wsl-distribution.conf
-rw-r--r-- 1 root root         46 Jan 27 10:48 wsl.conf
-rw-r--r-- 1 root root        681 Apr  8  2024 xattr.conf
drwxr-xr-x 5 root root       4096 Aug  5 12:56 xdg
drwxr-xr-x 2 root root       4096 Aug  5 12:57 xml
-rw-r--r-- 1 root root        460 Jan 20  2023 zsh_command_not_found
prajapali@Paliha:/etc$ ls -a
.                                  cron.d          glvnd         libaudit.conf        networks       resolv.conf        supercat
..                                 cron.daily      gnutls        locale.alias         newt           rmt                sysctl.conf
.pwd.lock                          cron.hourly     gprofng.rc    locale.conf          nsswitch.conf  rpc                sysctl.d
.resolv.conf.systemd-resolved.bak  cron.monthly    groff         locale.gen           opt            rsyslog.conf       systemd
.updated                           cron.weekly     group         localtime            os-release     rsyslog.d          terminfo
PackageKit                         cron.yearly     group-        logcheck             pam.conf       security           timezone
X11                                crontab         gshadow       login.defs           pam.d          selinux            tmpfiles.d
adduser.conf                       dbus-1          gshadow-      logrotate.conf       passwd         sensors.d          ubuntu-advantage
alternatives                       dconf           gss           logrotate.d          passwd-        sensors3.conf      ucf.conf
apparmor                           debconf.conf    gtk-3.0       lsb-release          perl           services           udev
apparmor.d                         debian_version  host.conf     machine-id           pm             sgml               update-manager
apport                             default         hostname      magic                polkit-1       shadow             update-motd.d
apt                                deluser.conf    hosts         magic.mime           profile        shadow-            vconsole.conf
bash.bashrc                        depmod.d        init.d        manpath.config       profile.d      shells             vim
bash_completion                    dhcp            inputrc       mime.types           protocols      skel               vtrgb
bash_completion.d                  dhcpcd.conf     iproute2      mke2fs.conf          python3        ssh                vulkan
bindresvport.blacklist             dpkg            issue         modprobe.d           python3.12     ssl                wgetrc
binfmt.d                           e2scrub.conf    issue.net     modules              rc0.d          subgid             wsl-distribution.conf
byobu                              environment     kernel        modules-load.d       rc1.d          subgid-            wsl.conf
ca-certificates                    environment.d   landscape     mtab                 rc2.d          subuid             xattr.conf
ca-certificates.conf               ethertypes      ld.so.cache   nanorc               rc3.d          subuid-            xdg
cloud                              fonts           ld.so.conf    netconfig            rc4.d          sudo.conf          xml
console-setup                      fstab           ld.so.conf.d  netplan              rc5.d          sudo_logsrvd.conf  zsh_command_not_found
credstore                          fuse.conf       ldap          network              rc6.d          sudoers
credstore.encrypted                gai.conf        legal         networkd-dispatcher  rcS.d          sudoers.d
prajapali@Paliha:/etc$ ls -al
total 812
drwxr-xr-x 88 root root       4096 Jan 29 07:02 .
drwxr-xr-x 22 root root       4096 Jan 28 09:19 ..
-rw-------  1 root root          0 Aug  5 12:55 .pwd.lock
-rw-r--r--  1 root root        862 Aug  5 12:55 .resolv.conf.systemd-resolved.bak
-rw-r--r--  1 root root        208 Aug  5 12:55 .updated
drwxr-xr-x  2 root root       4096 Aug  5 12:57 PackageKit
drwxr-xr-x  7 root root       4096 Aug  5 12:57 X11
-rw-r--r--  1 root root       3444 Jul  5  2023 adduser.conf
drwxr-xr-x  2 root root       4096 Jan 28 10:07 alternatives
drwxr-xr-x  2 root root       4096 Aug  5 12:57 apparmor
drwxr-xr-x  9 root root       4096 Aug  5 12:57 apparmor.d
drwxr-xr-x  3 root root       4096 Aug  5 12:57 apport
drwxr-xr-x  8 root root       4096 Aug  5 12:57 apt
-rw-r--r--  1 root root       2319 Mar 31  2024 bash.bashrc
-rw-r--r--  1 root root         45 Jan 24  2020 bash_completion
drwxr-xr-x  2 root root       4096 Aug  5 12:57 bash_completion.d
-rw-r--r--  1 root root        367 Aug  2  2022 bindresvport.blacklist
drwxr-xr-x  2 root root       4096 Apr 19  2024 binfmt.d
drwxr-xr-x  2 root root       4096 Aug  5 12:57 byobu
drwxr-xr-x  3 root root       4096 Aug  5 12:55 ca-certificates
-rw-r--r--  1 root root       6288 Aug  5 12:55 ca-certificates.conf
drwxr-xr-x  5 root root       4096 Jan 27 10:45 cloud
drwxr-xr-x  2 root root       4096 Aug  5 12:55 console-setup
drwx------  2 root root       4096 Apr 19  2024 credstore
drwx------  2 root root       4096 Apr 19  2024 credstore.encrypted
drwxr-xr-x  2 root root       4096 Aug  5 12:56 cron.d
drwxr-xr-x  2 root root       4096 Jan 28 10:07 cron.daily
drwxr-xr-x  2 root root       4096 Aug  5 12:55 cron.hourly
drwxr-xr-x  2 root root       4096 Aug  5 12:55 cron.monthly
drwxr-xr-x  2 root root       4096 Aug  5 12:57 cron.weekly
drwxr-xr-x  2 root root       4096 Aug  5 12:55 cron.yearly
-rw-r--r--  1 root root       1136 Mar 30  2024 crontab
drwxr-xr-x  4 root root       4096 Aug  5 12:55 dbus-1
drwxr-xr-x  3 root root       4096 Aug  5 12:56 dconf
-rw-r--r--  1 root root       2967 Apr 12  2024 debconf.conf
-rw-r--r--  1 root root         11 Apr 22  2024 debian_version
drwxr-xr-x  2 root root       4096 Aug  5 12:57 default
-rw-r--r--  1 root root       1706 Jul  5  2023 deluser.conf
drwxr-xr-x  2 root root       4096 Aug  5 12:56 depmod.d
drwxr-xr-x  3 root root       4096 Aug  5 12:55 dhcp
-rw-r--r--  1 root root       1429 Mar 31  2024 dhcpcd.conf
drwxr-xr-x  4 root root       4096 Jan 28 10:07 dpkg
-rw-r--r--  1 root root        685 Apr  8  2024 e2scrub.conf
-rw-r--r--  1 root root        106 Aug  5 12:55 environment
drwxr-xr-x  2 root root       4096 Aug  5 12:57 environment.d
-rw-r--r--  1 root root       1853 Oct 17  2022 ethertypes
drwxr-xr-x  4 root root       4096 Aug  5 12:57 fonts
-rw-r--r--  1 root root         37 Aug  5 12:55 fstab
-rw-r--r--  1 root root        694 Apr  8  2024 fuse.conf
-rw-r--r--  1 root root       2584 Jan 30  2024 gai.conf
drwxr-xr-x  3 root root       4096 Aug  5 12:57 glvnd
drwxr-xr-x  2 root root       4096 Aug  5 12:56 gnutls
-rw-r--r--  1 root root       3986 Mar 10  2025 gprofng.rc
drwxr-xr-x  2 root root       4096 Aug  5 12:57 groff
-rw-r--r--  1 root root        786 Jan 27 10:48 group
-rw-r--r--  1 root root        740 Jan 27 10:48 group-
-rw-r-----  1 root shadow      671 Jan 27 10:48 gshadow
-rw-r-----  1 root shadow      625 Jan 27 10:48 gshadow-
drwxr-xr-x  3 root root       4096 Aug  5 12:55 gss
drwxr-xr-x  2 root root       4096 Aug  5 12:57 gtk-3.0
-rw-r--r--  1 root root         92 Apr 22  2024 host.conf
-rw-r--r--  1 root root          7 Jan 28 09:19 hostname
-rw-r--r--  1 root root        409 Jan 28 09:19 hosts
drwxr-xr-x  2 root root       4096 Aug  5 12:57 init.d
-rw-r--r--  1 root root       1875 Mar 31  2024 inputrc
drwxr-xr-x  4 root root       4096 Aug  5 12:56 iproute2
-rw-r--r--  1 root root         26 Aug  1 10:21 issue
-rw-r--r--  1 root root         19 Aug  1 10:21 issue.net
drwxr-xr-x  4 root root       4096 Aug  5 12:55 kernel
drwxrwxr-x  2 root landscape  4096 Aug  5 12:57 landscape
-rw-r--r--  1 root root      17515 Jan 28 10:08 ld.so.cache
-rw-r--r--  1 root root         34 Aug  2  2022 ld.so.conf
drwxr-xr-x  2 root root       4096 Jan 28 10:07 ld.so.conf.d
drwxr-xr-x  2 root root       4096 Aug  5 12:57 ldap
-rw-r--r--  1 root root        267 Apr 22  2024 legal
-rw-r--r--  1 root root        191 Mar 30  2024 libaudit.conf
-rw-r--r--  1 root root       2996 Mar 30  2024 locale.alias
-rw-r--r--  1 root root         13 Aug  5 12:55 locale.conf
-rw-r--r--  1 root root       9565 Jan 28 10:07 locale.gen
lrwxrwxrwx  1 root root         35 Jan 29 07:02 localtime -> /usr/share/zoneinfo/America/Toronto
drwxr-xr-x  3 root root       4096 Aug  5 12:55 logcheck
-rw-r--r--  1 root root      12345 Feb 22  2024 login.defs
-rw-r--r--  1 root root        586 Apr  8  2024 logrotate.conf
drwxr-xr-x  2 root root       4096 Jan 28 10:07 logrotate.d
-rw-r--r--  1 root root        104 Aug  1 10:21 lsb-release
-r--r--r--  1 root root         33 Jan 27 10:45 machine-id
-rw-r--r--  1 root root        111 Mar 31  2024 magic
-rw-r--r--  1 root root        111 Mar 31  2024 magic.mime
-rw-r--r--  1 root root       5230 Apr  8  2024 manpath.config
-rw-r--r--  1 root root      75113 Jul 12  2023 mime.types
-rw-r--r--  1 root root        744 Apr  8  2024 mke2fs.conf
drwxr-xr-x  2 root root       4096 Aug  5 12:56 modprobe.d
-rw-r--r--  1 root root        212 Aug  5 12:55 modules
drwxr-xr-x  2 root root       4096 Aug  5 12:56 modules-load.d
lrwxrwxrwx  1 root root         19 Aug  5 12:55 mtab -> ../proc/self/mounts
-rw-r--r--  1 root root      11424 May 23  2023 nanorc
-rw-r--r--  1 root root        767 Mar 30  2024 netconfig
drwxr-xr-x  2 root root       4096 Apr 18  2024 netplan
drwxr-xr-x  4 root root       4096 Aug  5 12:56 network
drwxr-xr-x  8 root root       4096 Aug  5 12:55 networkd-dispatcher
-rw-r--r--  1 root root         91 Apr 22  2024 networks
drwxr-xr-x  2 root root       4096 Aug  5 12:55 newt
-rw-r--r--  1 root root        526 Aug  5 12:55 nsswitch.conf
drwxr-xr-x  2 root root       4096 Aug  5 12:55 opt
lrwxrwxrwx  1 root root         21 Aug  1 10:21 os-release -> ../usr/lib/os-release
-rw-r--r--  1 root root        552 Oct 13  2022 pam.conf
drwxr-xr-x  2 root root       4096 Jan 28 10:07 pam.d
-rw-r--r--  1 root root       1432 Jan 27 10:48 passwd
-rw-r--r--  1 root root       1429 Jan 27 10:47 passwd-
drwxr-xr-x  3 root root       4096 Aug  5 12:56 perl
drwxr-xr-x  3 root root       4096 Aug  5 12:57 pm
drwxr-xr-x  3 root root       4096 Aug  5 12:57 polkit-1
-rw-r--r--  1 root root        582 Apr 22  2024 profile
drwxr-xr-x  2 root root       4096 Aug  5 12:57 profile.d
-rw-r--r--  1 root root       3144 Oct 17  2022 protocols
drwxr-xr-x  2 root root       4096 Aug  5 12:55 python3
drwxr-xr-x  2 root root       4096 Jan 28 10:07 python3.12
drwxr-xr-x  2 root root       4096 Aug  5 12:57 rc0.d
drwxr-xr-x  2 root root       4096 Aug  5 12:56 rc1.d
drwxr-xr-x  2 root root       4096 Aug  5 12:57 rc2.d
drwxr-xr-x  2 root root       4096 Aug  5 12:57 rc3.d
drwxr-xr-x  2 root root       4096 Aug  5 12:57 rc4.d
drwxr-xr-x  2 root root       4096 Aug  5 12:57 rc5.d
drwxr-xr-x  2 root root       4096 Aug  5 12:57 rc6.d
drwxr-xr-x  2 root root       4096 Aug  5 12:57 rcS.d
lrwxrwxrwx  1 root root         20 Jan 28 09:19 resolv.conf -> /mnt/wsl/resolv.conf
lrwxrwxrwx  1 root root         13 Apr  8  2024 rmt -> /usr/sbin/rmt
-rw-r--r--  1 root root        911 Oct 17  2022 rpc
-rw-r--r--  1 root root       1213 Mar 21  2024 rsyslog.conf
drwxr-xr-x  2 root root       4096 Aug  5 12:57 rsyslog.d
drwxr-xr-x  4 root root       4096 Jan 28 10:07 security
drwxr-xr-x  2 root root       4096 Aug  5 12:55 selinux
drwxr-xr-x  2 root root       4096 Aug  5 12:57 sensors.d
-rw-r--r--  1 root root      10593 Mar 30  2024 sensors3.conf
-rw-r--r--  1 root root      12813 Mar 27  2021 services
drwxr-xr-x  2 root root       4096 Aug  5 12:57 sgml
-rw-r-----  1 root shadow      805 Jan 27 10:48 shadow
-rw-r-----  1 root shadow      702 Aug  5 12:57 shadow-
-rw-r--r--  1 root root        132 Aug  5 12:57 shells
drwxr-xr-x  2 root root       4096 Aug  5 12:55 skel
drwxr-xr-x  3 root root       4096 Aug  5 12:57 ssh
drwxr-xr-x  4 root root       4096 Jan 28 10:07 ssl
-rw-r--r--  1 root root         23 Jan 27 10:47 subgid
-rw-r--r--  1 root root          0 Aug  5 12:55 subgid-
-rw-r--r--  1 root root         23 Jan 27 10:47 subuid
-rw-r--r--  1 root root          0 Aug  5 12:55 subuid-
-rw-r--r--  1 root root       4343 Apr  8  2024 sudo.conf
-rw-r--r--  1 root root       9804 Apr  8  2024 sudo_logsrvd.conf
-r--r-----  1 root root       1800 Jan 29  2024 sudoers
drwxr-xr-x  2 root root       4096 Aug  5 12:56 sudoers.d
drwxr-xr-x  2 root root       4096 Aug  5 12:55 supercat
-rw-r--r--  1 root root       2209 Mar 24  2024 sysctl.conf
drwxr-xr-x  2 root root       4096 Aug  5 12:56 sysctl.d
drwxr-xr-x  6 root root       4096 Aug  5 12:56 systemd
drwxr-xr-x  2 root root       4096 Aug  5 12:55 terminfo
-rw-r--r--  1 root root         16 Jan 29 07:02 timezone
drwxr-xr-x  2 root root       4096 Apr 19  2024 tmpfiles.d
drwxr-xr-x  2 root root       4096 Aug  5 12:56 ubuntu-advantage
-rw-r--r--  1 root root       1260 Jan 27  2023 ucf.conf
drwxr-xr-x  4 root root       4096 Aug  5 12:56 udev
drwxr-xr-x  3 root root       4096 Aug  5 12:57 update-manager
drwxr-xr-x  2 root root       4096 Aug  5 12:57 update-motd.d
lrwxrwxrwx  1 root root         16 Aug  5 12:55 vconsole.conf -> default/keyboard
drwxr-xr-x  2 root root       4096 Jan 28 10:07 vim
lrwxrwxrwx  1 root root         23 Feb 26  2024 vtrgb -> /etc/alternatives/vtrgb
drwxr-xr-x  5 root root       4096 Aug  5 12:57 vulkan
-rw-r--r--  1 root root       4942 Jun 19  2024 wgetrc
-rw-r--r--  1 root root        204 Aug  5 12:57 wsl-distribution.conf
-rw-r--r--  1 root root         46 Jan 27 10:48 wsl.conf
-rw-r--r--  1 root root        681 Apr  8  2024 xattr.conf
drwxr-xr-x  5 root root       4096 Aug  5 12:56 xdg
drwxr-xr-x  2 root root       4096 Aug  5 12:57 xml
-rw-r--r--  1 root root        460 Jan 20  2023 zsh_command_not_found
prajapali@Paliha:/etc$ ls -l
total 796
drwxr-xr-x 2 root root       4096 Aug  5 12:57 PackageKit
drwxr-xr-x 7 root root       4096 Aug  5 12:57 X11
-rw-r--r-- 1 root root       3444 Jul  5  2023 adduser.conf
drwxr-xr-x 2 root root       4096 Jan 28 10:07 alternatives
drwxr-xr-x 2 root root       4096 Aug  5 12:57 apparmor
drwxr-xr-x 9 root root       4096 Aug  5 12:57 apparmor.d
drwxr-xr-x 3 root root       4096 Aug  5 12:57 apport
drwxr-xr-x 8 root root       4096 Aug  5 12:57 apt
-rw-r--r-- 1 root root       2319 Mar 31  2024 bash.bashrc
-rw-r--r-- 1 root root         45 Jan 24  2020 bash_completion
drwxr-xr-x 2 root root       4096 Aug  5 12:57 bash_completion.d
-rw-r--r-- 1 root root        367 Aug  2  2022 bindresvport.blacklist
drwxr-xr-x 2 root root       4096 Apr 19  2024 binfmt.d
drwxr-xr-x 2 root root       4096 Aug  5 12:57 byobu
drwxr-xr-x 3 root root       4096 Aug  5 12:55 ca-certificates
-rw-r--r-- 1 root root       6288 Aug  5 12:55 ca-certificates.conf
drwxr-xr-x 5 root root       4096 Jan 27 10:45 cloud
drwxr-xr-x 2 root root       4096 Aug  5 12:55 console-setup
drwx------ 2 root root       4096 Apr 19  2024 credstore
drwx------ 2 root root       4096 Apr 19  2024 credstore.encrypted
drwxr-xr-x 2 root root       4096 Aug  5 12:56 cron.d
drwxr-xr-x 2 root root       4096 Jan 28 10:07 cron.daily
drwxr-xr-x 2 root root       4096 Aug  5 12:55 cron.hourly
drwxr-xr-x 2 root root       4096 Aug  5 12:55 cron.monthly
drwxr-xr-x 2 root root       4096 Aug  5 12:57 cron.weekly
drwxr-xr-x 2 root root       4096 Aug  5 12:55 cron.yearly
-rw-r--r-- 1 root root       1136 Mar 30  2024 crontab
drwxr-xr-x 4 root root       4096 Aug  5 12:55 dbus-1
drwxr-xr-x 3 root root       4096 Aug  5 12:56 dconf
-rw-r--r-- 1 root root       2967 Apr 12  2024 debconf.conf
-rw-r--r-- 1 root root         11 Apr 22  2024 debian_version
drwxr-xr-x 2 root root       4096 Aug  5 12:57 default
-rw-r--r-- 1 root root       1706 Jul  5  2023 deluser.conf
drwxr-xr-x 2 root root       4096 Aug  5 12:56 depmod.d
drwxr-xr-x 3 root root       4096 Aug  5 12:55 dhcp
-rw-r--r-- 1 root root       1429 Mar 31  2024 dhcpcd.conf
drwxr-xr-x 4 root root       4096 Jan 28 10:07 dpkg
-rw-r--r-- 1 root root        685 Apr  8  2024 e2scrub.conf
-rw-r--r-- 1 root root        106 Aug  5 12:55 environment
drwxr-xr-x 2 root root       4096 Aug  5 12:57 environment.d
-rw-r--r-- 1 root root       1853 Oct 17  2022 ethertypes
drwxr-xr-x 4 root root       4096 Aug  5 12:57 fonts
-rw-r--r-- 1 root root         37 Aug  5 12:55 fstab
-rw-r--r-- 1 root root        694 Apr  8  2024 fuse.conf
-rw-r--r-- 1 root root       2584 Jan 30  2024 gai.conf
drwxr-xr-x 3 root root       4096 Aug  5 12:57 glvnd
drwxr-xr-x 2 root root       4096 Aug  5 12:56 gnutls
-rw-r--r-- 1 root root       3986 Mar 10  2025 gprofng.rc
drwxr-xr-x 2 root root       4096 Aug  5 12:57 groff
-rw-r--r-- 1 root root        786 Jan 27 10:48 group
-rw-r--r-- 1 root root        740 Jan 27 10:48 group-
-rw-r----- 1 root shadow      671 Jan 27 10:48 gshadow
-rw-r----- 1 root shadow      625 Jan 27 10:48 gshadow-
drwxr-xr-x 3 root root       4096 Aug  5 12:55 gss
drwxr-xr-x 2 root root       4096 Aug  5 12:57 gtk-3.0
-rw-r--r-- 1 root root         92 Apr 22  2024 host.conf
-rw-r--r-- 1 root root          7 Jan 28 09:19 hostname
-rw-r--r-- 1 root root        409 Jan 28 09:19 hosts
drwxr-xr-x 2 root root       4096 Aug  5 12:57 init.d
-rw-r--r-- 1 root root       1875 Mar 31  2024 inputrc
drwxr-xr-x 4 root root       4096 Aug  5 12:56 iproute2
-rw-r--r-- 1 root root         26 Aug  1 10:21 issue
-rw-r--r-- 1 root root         19 Aug  1 10:21 issue.net
drwxr-xr-x 4 root root       4096 Aug  5 12:55 kernel
drwxrwxr-x 2 root landscape  4096 Aug  5 12:57 landscape
-rw-r--r-- 1 root root      17515 Jan 28 10:08 ld.so.cache
-rw-r--r-- 1 root root         34 Aug  2  2022 ld.so.conf
drwxr-xr-x 2 root root       4096 Jan 28 10:07 ld.so.conf.d
drwxr-xr-x 2 root root       4096 Aug  5 12:57 ldap
-rw-r--r-- 1 root root        267 Apr 22  2024 legal
-rw-r--r-- 1 root root        191 Mar 30  2024 libaudit.conf
-rw-r--r-- 1 root root       2996 Mar 30  2024 locale.alias
-rw-r--r-- 1 root root         13 Aug  5 12:55 locale.conf
-rw-r--r-- 1 root root       9565 Jan 28 10:07 locale.gen
lrwxrwxrwx 1 root root         35 Jan 29 07:02 localtime -> /usr/share/zoneinfo/America/Toronto
drwxr-xr-x 3 root root       4096 Aug  5 12:55 logcheck
-rw-r--r-- 1 root root      12345 Feb 22  2024 login.defs
-rw-r--r-- 1 root root        586 Apr  8  2024 logrotate.conf
drwxr-xr-x 2 root root       4096 Jan 28 10:07 logrotate.d
-rw-r--r-- 1 root root        104 Aug  1 10:21 lsb-release
-r--r--r-- 1 root root         33 Jan 27 10:45 machine-id
-rw-r--r-- 1 root root        111 Mar 31  2024 magic
-rw-r--r-- 1 root root        111 Mar 31  2024 magic.mime
-rw-r--r-- 1 root root       5230 Apr  8  2024 manpath.config
-rw-r--r-- 1 root root      75113 Jul 12  2023 mime.types
-rw-r--r-- 1 root root        744 Apr  8  2024 mke2fs.conf
drwxr-xr-x 2 root root       4096 Aug  5 12:56 modprobe.d
-rw-r--r-- 1 root root        212 Aug  5 12:55 modules
drwxr-xr-x 2 root root       4096 Aug  5 12:56 modules-load.d
lrwxrwxrwx 1 root root         19 Aug  5 12:55 mtab -> ../proc/self/mounts
-rw-r--r-- 1 root root      11424 May 23  2023 nanorc
-rw-r--r-- 1 root root        767 Mar 30  2024 netconfig
drwxr-xr-x 2 root root       4096 Apr 18  2024 netplan
drwxr-xr-x 4 root root       4096 Aug  5 12:56 network
drwxr-xr-x 8 root root       4096 Aug  5 12:55 networkd-dispatcher
-rw-r--r-- 1 root root         91 Apr 22  2024 networks
drwxr-xr-x 2 root root       4096 Aug  5 12:55 newt
-rw-r--r-- 1 root root        526 Aug  5 12:55 nsswitch.conf
drwxr-xr-x 2 root root       4096 Aug  5 12:55 opt
lrwxrwxrwx 1 root root         21 Aug  1 10:21 os-release -> ../usr/lib/os-release
-rw-r--r-- 1 root root        552 Oct 13  2022 pam.conf
drwxr-xr-x 2 root root       4096 Jan 28 10:07 pam.d
-rw-r--r-- 1 root root       1432 Jan 27 10:48 passwd
-rw-r--r-- 1 root root       1429 Jan 27 10:47 passwd-
drwxr-xr-x 3 root root       4096 Aug  5 12:56 perl
drwxr-xr-x 3 root root       4096 Aug  5 12:57 pm
drwxr-xr-x 3 root root       4096 Aug  5 12:57 polkit-1
-rw-r--r-- 1 root root        582 Apr 22  2024 profile
drwxr-xr-x 2 root root       4096 Aug  5 12:57 profile.d
-rw-r--r-- 1 root root       3144 Oct 17  2022 protocols
drwxr-xr-x 2 root root       4096 Aug  5 12:55 python3
drwxr-xr-x 2 root root       4096 Jan 28 10:07 python3.12
drwxr-xr-x 2 root root       4096 Aug  5 12:57 rc0.d
drwxr-xr-x 2 root root       4096 Aug  5 12:56 rc1.d
drwxr-xr-x 2 root root       4096 Aug  5 12:57 rc2.d
drwxr-xr-x 2 root root       4096 Aug  5 12:57 rc3.d
drwxr-xr-x 2 root root       4096 Aug  5 12:57 rc4.d
drwxr-xr-x 2 root root       4096 Aug  5 12:57 rc5.d
drwxr-xr-x 2 root root       4096 Aug  5 12:57 rc6.d
drwxr-xr-x 2 root root       4096 Aug  5 12:57 rcS.d
lrwxrwxrwx 1 root root         20 Jan 28 09:19 resolv.conf -> /mnt/wsl/resolv.conf
lrwxrwxrwx 1 root root         13 Apr  8  2024 rmt -> /usr/sbin/rmt
-rw-r--r-- 1 root root        911 Oct 17  2022 rpc
-rw-r--r-- 1 root root       1213 Mar 21  2024 rsyslog.conf
drwxr-xr-x 2 root root       4096 Aug  5 12:57 rsyslog.d
drwxr-xr-x 4 root root       4096 Jan 28 10:07 security
drwxr-xr-x 2 root root       4096 Aug  5 12:55 selinux
drwxr-xr-x 2 root root       4096 Aug  5 12:57 sensors.d
-rw-r--r-- 1 root root      10593 Mar 30  2024 sensors3.conf
-rw-r--r-- 1 root root      12813 Mar 27  2021 services
drwxr-xr-x 2 root root       4096 Aug  5 12:57 sgml
-rw-r----- 1 root shadow      805 Jan 27 10:48 shadow
-rw-r----- 1 root shadow      702 Aug  5 12:57 shadow-
-rw-r--r-- 1 root root        132 Aug  5 12:57 shells
drwxr-xr-x 2 root root       4096 Aug  5 12:55 skel
drwxr-xr-x 3 root root       4096 Aug  5 12:57 ssh
drwxr-xr-x 4 root root       4096 Jan 28 10:07 ssl
-rw-r--r-- 1 root root         23 Jan 27 10:47 subgid
-rw-r--r-- 1 root root          0 Aug  5 12:55 subgid-
-rw-r--r-- 1 root root         23 Jan 27 10:47 subuid
-rw-r--r-- 1 root root          0 Aug  5 12:55 subuid-
-rw-r--r-- 1 root root       4343 Apr  8  2024 sudo.conf
-rw-r--r-- 1 root root       9804 Apr  8  2024 sudo_logsrvd.conf
-r--r----- 1 root root       1800 Jan 29  2024 sudoers
drwxr-xr-x 2 root root       4096 Aug  5 12:56 sudoers.d
drwxr-xr-x 2 root root       4096 Aug  5 12:55 supercat
-rw-r--r-- 1 root root       2209 Mar 24  2024 sysctl.conf
drwxr-xr-x 2 root root       4096 Aug  5 12:56 sysctl.d
drwxr-xr-x 6 root root       4096 Aug  5 12:56 systemd
drwxr-xr-x 2 root root       4096 Aug  5 12:55 terminfo
-rw-r--r-- 1 root root         16 Jan 29 07:02 timezone
drwxr-xr-x 2 root root       4096 Apr 19  2024 tmpfiles.d
drwxr-xr-x 2 root root       4096 Aug  5 12:56 ubuntu-advantage
-rw-r--r-- 1 root root       1260 Jan 27  2023 ucf.conf
drwxr-xr-x 4 root root       4096 Aug  5 12:56 udev
drwxr-xr-x 3 root root       4096 Aug  5 12:57 update-manager
drwxr-xr-x 2 root root       4096 Aug  5 12:57 update-motd.d
lrwxrwxrwx 1 root root         16 Aug  5 12:55 vconsole.conf -> default/keyboard
drwxr-xr-x 2 root root       4096 Jan 28 10:07 vim
lrwxrwxrwx 1 root root         23 Feb 26  2024 vtrgb -> /etc/alternatives/vtrgb
drwxr-xr-x 5 root root       4096 Aug  5 12:57 vulkan
-rw-r--r-- 1 root root       4942 Jun 19  2024 wgetrc
-rw-r--r-- 1 root root        204 Aug  5 12:57 wsl-distribution.conf
-rw-r--r-- 1 root root         46 Jan 27 10:48 wsl.conf
-rw-r--r-- 1 root root        681 Apr  8  2024 xattr.conf
drwxr-xr-x 5 root root       4096 Aug  5 12:56 xdg
drwxr-xr-x 2 root root       4096 Aug  5 12:57 xml
-rw-r--r-- 1 root root        460 Jan 20  2023 zsh_command_not_found
prajapali@Paliha:/etc$ cd ~
prajapali@Paliha:~$ ls
prajapali@Paliha:~$ cd /
prajapali@Paliha:/$ ls -l
total 2796
lrwxrwxrwx   1 root root       7 Apr 22  2024 bin -> usr/bin
drwxr-xr-x   2 root root    4096 Feb 26  2024 bin.usr-is-merged
drwxr-xr-x   2 root root    4096 Apr 22  2024 boot
drwxr-xr-x  15 root root    3860 Jan 28 09:19 dev
drwxr-xr-x  88 root root    4096 Jan 29 07:02 etc
drwxr-xr-x   3 root root    4096 Jan 27 10:47 home
-rwxr-xr-x   1 root root 2781568 Dec 11 20:58 init
lrwxrwxrwx   1 root root       7 Apr 22  2024 lib -> usr/lib
drwxr-xr-x   2 root root    4096 Apr  8  2024 lib.usr-is-merged
lrwxrwxrwx   1 root root       9 Apr 22  2024 lib64 -> usr/lib64
drwx------   2 root root   16384 Jan 27 10:44 lost+found
drwxr-xr-x   2 root root    4096 Aug  5 12:55 media
drwxr-xr-x   5 root root    4096 Jan 27 10:45 mnt
drwxr-xr-x   2 root root    4096 Aug  5 12:55 opt
dr-xr-xr-x 248 root root       0 Jan 28 09:19 proc
drwx------   3 root root    4096 Aug  5 12:57 root
drwxr-xr-x  20 root root     620 Jan 29 06:50 run
lrwxrwxrwx   1 root root       8 Apr 22  2024 sbin -> usr/sbin
drwxr-xr-x   2 root root    4096 Mar 31  2024 sbin.usr-is-merged
drwxr-xr-x   2 root root    4096 Jan 27 10:44 snap
drwxr-xr-x   2 root root    4096 Aug  5 12:55 srv
dr-xr-xr-x  13 root root       0 Jan 29 09:27 sys
drwxrwxrwt   9 root root    4096 Jan 29 06:50 tmp
drwxr-xr-x  12 root root    4096 Aug  5 12:55 usr
drwxr-xr-x  13 root root    4096 Jan 27 10:45 var
prajapali@Paliha:/$ cd /mnt/
prajapali@Paliha:/mnt$ ls
c  wsl  wslg
prajapali@Paliha:/mnt$ ls -l
total 0
drwxrwxrwx 1 prajapali prajapali 512 Jan 27 10:28 c
drwxrwxrwt 2 root      root       60 Jan 28 09:19 wsl
drwxrwxrwt 7 root      root      300 Jan 29 08:52 wslg
prajapali@Paliha:/mnt$ cd c
prajapali@Paliha:/mnt/c$ ls -l
ls: DumpStack.log: Permission denied
ls: cannot access 'DumpStack.log.tmp': Permission denied
ls: cannot access 'hiberfil.sys': Permission denied
ls: cannot access 'pagefile.sys': Permission denied
ls: PerfLogs: Permission denied
ls: Recovery: Permission denied
ls: cannot access 'swapfile.sys': Permission denied
ls: 'System Volume Information': Permission denied
total 12
drwxrwxrwx 1 prajapali prajapali   512 Nov 26  2024 '$Recycle.Bin'
drwxrwxrwx 1 prajapali prajapali   512 Jan 26 11:23  CBC
lrwxrwxrwx 1 prajapali prajapali    12 Nov 20  2024 'Documents and Settings' -> /mnt/c/Users
drwxrwxrwx 1 prajapali prajapali   512 Jan 30  2025  DocumentsFromUSB
---------- 1 prajapali prajapali 12288 Mar 11  2025  DumpStack.log
-????????? ? ?         ?             ?            ?  DumpStack.log.tmp
drwxrwxrwx 1 prajapali prajapali   512 Jan 27 10:31  Intel
d--x--x--x 1 prajapali prajapali   512 Apr  1  2024  PerfLogs
dr-xr-xr-x 1 prajapali prajapali   512 Jan 27 10:28 'Program Files'
dr-xr-xr-x 1 prajapali prajapali   512 Apr 20  2025 'Program Files (x86)'
drwxrwxrwx 1 prajapali prajapali   512 Nov 13 08:48  ProgramData
d--x--x--x 1 prajapali prajapali   512 Feb 23  2025  Recovery
d--x--x--x 1 prajapali prajapali   512 Jan 26 12:51 'System Volume Information'
dr-xr-xr-x 1 prajapali prajapali   512 Feb 22  2025  Users
dr-xr-xr-x 1 prajapali prajapali   512 Jan 23 09:13  Windows
-????????? ? ?         ?             ?            ?  hiberfil.sys
dr-xr-xr-x 1 prajapali prajapali   512 Apr 10  2025  inetpub
-????????? ? ?         ?             ?            ?  pagefile.sys
-????????? ? ?         ?             ?            ?  swapfile.sys
prajapali@Paliha:/mnt/c$ cd CBC/
prajapali@Paliha:/mnt/c/CBC$ ls -l
total 0
drwxrwxrwx 1 prajapali prajapali 512 Jan 26 11:23 DSAI
prajapali@Paliha:/mnt/c/CBC$ cd DSAI/01-Linux/
prajapali@Paliha:/mnt/c/CBC/DSAI/01-Linux$ ls -l
total 0
drwxrwxrwx 1 prajapali prajapali 512 Jan 26 11:23 class-code
drwxrwxrwx 1 prajapali prajapali 512 Jan 28 12:52 my-work
prajapali@Paliha:/mnt/c/CBC/DSAI/01-Linux$ cd
class-code/ my-work/
prajapali@Paliha:/mnt/c/CBC/DSAI/01-Linux$ cd
class-code/ my-work/
prajapali@Paliha:/mnt/c/CBC/DSAI/01-Linux$ cd
class-code/ my-work/
prajapali@Paliha:/mnt/c/CBC/DSAI/01-Linux$ cd
class-code/ my-work/
prajapali@Paliha:/mnt/c/CBC/DSAI/01-Linux$ cd my-work/
prajapali@Paliha:/mnt/c/CBC/DSAI/01-Linux/my-work$ ls -l
total 908
drwxrwxrwx 1 prajapali prajapali    512 Jan 29 09:16  Assignments
drwxrwxrwx 1 prajapali prajapali    512 Jan 28 10:08  Books
-rwxrwxrwx 1 prajapali prajapali  65221 Jan 26 10:05  CourseTimeLine-DSAI-JAN-2026-AM.pdf
-rwxrwxrwx 1 prajapali prajapali  83727 Jan 26 10:05 'Data_AI_Program_Overview_Microsoft_Courses 1.pptx'
-rwxrwxrwx 1 prajapali prajapali    351 Jan 26 21:21  Linux_Links.txt
-rwxrwxrwx 1 prajapali prajapali 777801 Jan 28 12:52  Linuxn_Notes.docx
drwxrwxrwx 1 prajapali prajapali    512 Jan 27 10:06  Pali_Test
drwxrwxrwx 1 prajapali prajapali    512 Jan 27 09:11  test-folder
prajapali@Paliha:/mnt/c/CBC/DSAI/01-Linux/my-work$ cd
Assignments/ Books/       Pali_Test/   test-folder/
prajapali@Paliha:/mnt/c/CBC/DSAI/01-Linux/my-work$ ls
 Assignments   CourseTimeLine-DSAI-JAN-2026-AM.pdf                  Linux_Links.txt     Pali_Test
 Books        'Data_AI_Program_Overview_Microsoft_Courses 1.pptx'   Linuxn_Notes.docx   test-folder
prajapali@Paliha:/mnt/c/CBC/DSAI/01-Linux/my-work$ ls -l
total 908
drwxrwxrwx 1 prajapali prajapali    512 Jan 29 09:16  Assignments
drwxrwxrwx 1 prajapali prajapali    512 Jan 28 10:08  Books
-rwxrwxrwx 1 prajapali prajapali  65221 Jan 26 10:05  CourseTimeLine-DSAI-JAN-2026-AM.pdf
-rwxrwxrwx 1 prajapali prajapali  83727 Jan 26 10:05 'Data_AI_Program_Overview_Microsoft_Courses 1.pptx'
-rwxrwxrwx 1 prajapali prajapali    351 Jan 26 21:21  Linux_Links.txt
-rwxrwxrwx 1 prajapali prajapali 777801 Jan 28 12:52  Linuxn_Notes.docx
drwxrwxrwx 1 prajapali prajapali    512 Jan 27 10:06  Pali_Test
drwxrwxrwx 1 prajapali prajapali    512 Jan 27 09:11  test-folder
prajapali@Paliha:/mnt/c/CBC/DSAI/01-Linux/my-work$ cd Books/
prajapali@Paliha:/mnt/c/CBC/DSAI/01-Linux/my-work/Books$ ls -l
total 19180
-rwxrwxrwx 1 prajapali prajapali 3026630 Jan 28 10:08 'D76989GC20_ag 8.pdf'
-rwxrwxrwx 1 prajapali prajapali 6980283 Jan 28 10:08 'D76989GC20_sg 8.pdf'
-rwxrwxrwx 1 prajapali prajapali 9626389 Jan 26 20:47 'Linux Dummies 9th.pdf'
prajapali@Paliha:/mnt/c/CBC/DSAI/01-Linux/my-work/Books$ '
D76989GC20_ag 8.pdf    D76989GC20_sg 8.pdf    Linux Dummies 9th.pdf
prajapali@Paliha:/mnt/c/CBC/DSAI/01-Linux/my-work/Books$ '
D76989GC20_ag 8.pdf    D76989GC20_sg 8.pdf    Linux Dummies 9th.pdf
prajapali@Paliha:/mnt/c/CBC/DSAI/01-Linux/my-work/Books$ 'L
LAPRXY.DLL                                    LegacyNetUXHost.exe                           LocationWinPalMisc.dll
LICENSE.txt                                   LegacySystemSettings.dll                      Locator.exe
LSCSHostPolicy.dll                            LicenseManager.dll                            LockAppBroker.dll
LampArray.dll                                 LicenseManagerApi.dll                         LockAppHost.exe
LangCleanupSysprepAction.dll                  LicenseManagerShellext.exe                    LockController.dll
LanguageComponentsInstaller.dll               LicenseManagerSvc.dll                         LockHostingFramework.dll
LanguageComponentsInstallerComHandler.exe     LicensingCSP.dll                              LockScreenContent.dll
LanguageOverlayServer.dll                     LicensingDiagSpp.dll                          LockScreenContentHost.dll
LanguageOverlayUtil.dll                       LicensingUI.exe                               LockScreenContentServer.exe
LanguagePackDiskCleanup.dll                   LicensingWinRT.dll                            LockScreenData.dll
LanguagePackManagementCSP.dll                 LiveCaptions.exe                              LogonController.dll
LargeRoom.bin                                 LocationApi.dll                               LogonUI.exe
LaunchTM.exe                                  LocationFramework.dll                         LowBatterySystemToastIcon.contrast-white.png
LaunchWinApp.exe                              LocationFrameworkInternalPS.dll               LowBatterySystemToastIcon.png
LegacyNetUX.dll                               LocationFrameworkPS.dll                       LsaIso.exe
prajapali@Paliha:/mnt/c/CBC/DSAI/01-Linux/my-work/Books$ 'L
LAPRXY.DLL                                    LegacyNetUXHost.exe                           LocationWinPalMisc.dll
LICENSE.txt                                   LegacySystemSettings.dll                      Locator.exe
LSCSHostPolicy.dll                            LicenseManager.dll                            LockAppBroker.dll
LampArray.dll                                 LicenseManagerApi.dll                         LockAppHost.exe
LangCleanupSysprepAction.dll                  LicenseManagerShellext.exe                    LockController.dll
LanguageComponentsInstaller.dll               LicenseManagerSvc.dll                         LockHostingFramework.dll
LanguageComponentsInstallerComHandler.exe     LicensingCSP.dll                              LockScreenContent.dll
LanguageOverlayServer.dll                     LicensingDiagSpp.dll                          LockScreenContentHost.dll
LanguageOverlayUtil.dll                       LicensingUI.exe                               LockScreenContentServer.exe
LanguagePackDiskCleanup.dll                   LicensingWinRT.dll                            LockScreenData.dll
LanguagePackManagementCSP.dll                 LiveCaptions.exe                              LogonController.dll
LargeRoom.bin                                 LocationApi.dll                               LogonUI.exe
LaunchTM.exe                                  LocationFramework.dll                         LowBatterySystemToastIcon.contrast-white.png
LaunchWinApp.exe                              LocationFrameworkInternalPS.dll               LowBatterySystemToastIcon.png
LegacyNetUX.dll                               LocationFrameworkPS.dll                       LsaIso.exe
prajapali@Paliha:/mnt/c/CBC/DSAI/01-Linux/my-work/Books$ ls -l
total 19180
-rwxrwxrwx 1 prajapali prajapali 3026630 Jan 28 10:08 'D76989GC20_ag 8.pdf'
-rwxrwxrwx 1 prajapali prajapali 6980283 Jan 28 10:08 'D76989GC20_sg 8.pdf'
-rwxrwxrwx 1 prajapali prajapali 9626389 Jan 26 20:47 'Linux Dummies 9th.pdf'
prajapali@Paliha:/mnt/c/CBC/DSAI/01-Linux/my-work/Books$
prajapali@Paliha:/mnt/c/CBC/DSAI/01-Linux/my-work/Books$
prajapali@Paliha:/mnt/c/CBC/DSAI/01-Linux/my-work/Books$
prajapali@Paliha:/mnt/c/CBC/DSAI/01-Linux/my-work/Books$ cd /
prajapali@Paliha:/$ uname -a
Linux Paliha 6.6.87.2-microsoft-standard-WSL2 #1 SMP PREEMPT_DYNAMIC Thu Jun  5 18:30:46 UTC 2025 x86_64 x86_64 x86_64 GNU/Linux
prajapali@Paliha:/$ unmae -s
Command 'unmae' not found, did you mean:
  command 'uname' from deb coreutils (9.4-3ubuntu6.1)
Try: sudo apt install <deb name>
prajapali@Paliha:/$ uname -s
Linux
prajapali@Paliha:/$ uname -r
6.6.87.2-microsoft-standard-WSL2
prajapali@Paliha:/$ date
Thu Jan 29 09:45:05 EST 2026
prajapali@Paliha:/$ cal
Command 'cal' not found, but can be installed with:
sudo apt install ncal
prajapali@Paliha:/$ sudo apt install ncal
[sudo] password for prajapali:
Sorry, try again.
[sudo] password for prajapali:
Reading package lists... Done
Building dependency tree... Done
Reading state information... Done
The following NEW packages will be installed:
  ncal
0 upgraded, 1 newly installed, 0 to remove and 62 not upgraded.
Need to get 21.0 kB of archives.
After this operation, 59.4 kB of additional disk space will be used.
Get:1 http://archive.ubuntu.com/ubuntu noble/universe amd64 ncal amd64 12.1.8 [21.0 kB]
Fetched 21.0 kB in 1s (37.2 kB/s)
Selecting previously unselected package ncal.
(Reading database ... 40754 files and directories currently installed.)
Preparing to unpack .../archives/ncal_12.1.8_amd64.deb ...
Unpacking ncal (12.1.8) ...
Setting up ncal (12.1.8) ...
Processing triggers for man-db (2.12.0-4build2) ...
prajapali@Paliha:/$ cal
    January 2026
Su Mo Tu We Th Fr Sa
             1  2  3
 4  5  6  7  8  9 10
11 12 13 14 15 16 17
18 19 20 21 22 23 24
25 26 27 28 29 30 31

prajapali@Paliha:/$ cal 07 2015
     July 2015
Su Mo Tu We Th Fr Sa
          1  2  3  4
 5  6  7  8  9 10 11
12 13 14 15 16 17 18
19 20 21 22 23 24 25
26 27 28 29 30 31

prajapali@Paliha:/$ date ; hostname
Thu Jan 29 09:47:50 EST 2026
Paliha
prajapali@Paliha:/$ cd /mnt/
c/    wsl/  wslg/
prajapali@Paliha:/$ cd /mnt/
c/    wsl/  wslg/
prajapali@Paliha:/$ cd /mnt/c/
$Recycle.Bin/              DocumentsFromUSB/          Program Files/             Recovery/                  Windows/
CBC/                       Intel/                     Program Files (x86)/       System Volume Information/ inetpub/
Documents and Settings/    PerfLogs/                  ProgramData/               Users/
prajapali@Paliha:/$ cd /mnt/c/CBC/DSAI/01-Linux/
class-code/ my-work/
prajapali@Paliha:/$ cd /mnt/c/CBC/DSAI/01-Linux/my-work/
prajapali@Paliha:/mnt/c/CBC/DSAI/01-Linux/my-work$ ls - l
ls: cannot access '-': No such file or directory
ls: cannot access 'l': No such file or directory
prajapali@Paliha:/mnt/c/CBC/DSAI/01-Linux/my-work$ ls -l
total 908
drwxrwxrwx 1 prajapali prajapali    512 Jan 29 09:16  Assignments
drwxrwxrwx 1 prajapali prajapali    512 Jan 28 10:08  Books
-rwxrwxrwx 1 prajapali prajapali  65221 Jan 26 10:05  CourseTimeLine-DSAI-JAN-2026-AM.pdf
-rwxrwxrwx 1 prajapali prajapali  83727 Jan 26 10:05 'Data_AI_Program_Overview_Microsoft_Courses 1.pptx'
-rwxrwxrwx 1 prajapali prajapali    351 Jan 26 21:21  Linux_Links.txt
-rwxrwxrwx 1 prajapali prajapali 777801 Jan 28 12:52  Linuxn_Notes.docx
drwxrwxrwx 1 prajapali prajapali    512 Jan 27 10:06  Pali_Test
drwxrwxrwx 1 prajapali prajapali    512 Jan 29 09:51  labs
drwxrwxrwx 1 prajapali prajapali    512 Jan 27 09:11  test-folder
prajapali@Paliha:/mnt/c/CBC/DSAI/01-Linux/my-work$ cd labs/
prajapali@Paliha:/mnt/c/CBC/DSAI/01-Linux/my-work/labs$ ls
my-file.txt
prajapali@Paliha:/mnt/c/CBC/DSAI/01-Linux/my-work/labs$ cat my-file.txt
My name is Paraj.prajapali@Paliha:/mnt/c/CBC/DSAI/01-Linux/my-work/labs$ pwd
/mnt/c/CBC/DSAI/01-Linux/my-work/labs
prajapali@Paliha:/mnt/c/CBC/DSAI/01-Linux/my-work/labs$ cd /etc/
prajapali@Paliha:/etc$ ls -l
total 796
drwxr-xr-x 2 root root       4096 Aug  5 12:57 PackageKit
drwxr-xr-x 7 root root       4096 Aug  5 12:57 X11
-rw-r--r-- 1 root root       3444 Jul  5  2023 adduser.conf
drwxr-xr-x 2 root root       4096 Jan 28 10:07 alternatives
drwxr-xr-x 2 root root       4096 Aug  5 12:57 apparmor
drwxr-xr-x 9 root root       4096 Aug  5 12:57 apparmor.d
drwxr-xr-x 3 root root       4096 Aug  5 12:57 apport
drwxr-xr-x 8 root root       4096 Aug  5 12:57 apt
-rw-r--r-- 1 root root       2319 Mar 31  2024 bash.bashrc
-rw-r--r-- 1 root root         45 Jan 24  2020 bash_completion
drwxr-xr-x 2 root root       4096 Aug  5 12:57 bash_completion.d
-rw-r--r-- 1 root root        367 Aug  2  2022 bindresvport.blacklist
drwxr-xr-x 2 root root       4096 Apr 19  2024 binfmt.d
drwxr-xr-x 2 root root       4096 Aug  5 12:57 byobu
drwxr-xr-x 3 root root       4096 Aug  5 12:55 ca-certificates
-rw-r--r-- 1 root root       6288 Aug  5 12:55 ca-certificates.conf
drwxr-xr-x 5 root root       4096 Jan 27 10:45 cloud
drwxr-xr-x 2 root root       4096 Aug  5 12:55 console-setup
drwx------ 2 root root       4096 Apr 19  2024 credstore
drwx------ 2 root root       4096 Apr 19  2024 credstore.encrypted
drwxr-xr-x 2 root root       4096 Aug  5 12:56 cron.d
drwxr-xr-x 2 root root       4096 Jan 28 10:07 cron.daily
drwxr-xr-x 2 root root       4096 Aug  5 12:55 cron.hourly
drwxr-xr-x 2 root root       4096 Aug  5 12:55 cron.monthly
drwxr-xr-x 2 root root       4096 Aug  5 12:57 cron.weekly
drwxr-xr-x 2 root root       4096 Aug  5 12:55 cron.yearly
-rw-r--r-- 1 root root       1136 Mar 30  2024 crontab
drwxr-xr-x 4 root root       4096 Aug  5 12:55 dbus-1
drwxr-xr-x 3 root root       4096 Aug  5 12:56 dconf
-rw-r--r-- 1 root root       2967 Apr 12  2024 debconf.conf
-rw-r--r-- 1 root root         11 Apr 22  2024 debian_version
drwxr-xr-x 2 root root       4096 Aug  5 12:57 default
-rw-r--r-- 1 root root       1706 Jul  5  2023 deluser.conf
drwxr-xr-x 2 root root       4096 Aug  5 12:56 depmod.d
drwxr-xr-x 3 root root       4096 Aug  5 12:55 dhcp
-rw-r--r-- 1 root root       1429 Mar 31  2024 dhcpcd.conf
drwxr-xr-x 4 root root       4096 Jan 28 10:07 dpkg
-rw-r--r-- 1 root root        685 Apr  8  2024 e2scrub.conf
-rw-r--r-- 1 root root        106 Aug  5 12:55 environment
drwxr-xr-x 2 root root       4096 Aug  5 12:57 environment.d
-rw-r--r-- 1 root root       1853 Oct 17  2022 ethertypes
drwxr-xr-x 4 root root       4096 Aug  5 12:57 fonts
-rw-r--r-- 1 root root         37 Aug  5 12:55 fstab
-rw-r--r-- 1 root root        694 Apr  8  2024 fuse.conf
-rw-r--r-- 1 root root       2584 Jan 30  2024 gai.conf
drwxr-xr-x 3 root root       4096 Aug  5 12:57 glvnd
drwxr-xr-x 2 root root       4096 Aug  5 12:56 gnutls
-rw-r--r-- 1 root root       3986 Mar 10  2025 gprofng.rc
drwxr-xr-x 2 root root       4096 Aug  5 12:57 groff
-rw-r--r-- 1 root root        786 Jan 27 10:48 group
-rw-r--r-- 1 root root        740 Jan 27 10:48 group-
-rw-r----- 1 root shadow      671 Jan 27 10:48 gshadow
-rw-r----- 1 root shadow      625 Jan 27 10:48 gshadow-
drwxr-xr-x 3 root root       4096 Aug  5 12:55 gss
drwxr-xr-x 2 root root       4096 Aug  5 12:57 gtk-3.0
-rw-r--r-- 1 root root         92 Apr 22  2024 host.conf
-rw-r--r-- 1 root root          7 Jan 28 09:19 hostname
-rw-r--r-- 1 root root        409 Jan 28 09:19 hosts
drwxr-xr-x 2 root root       4096 Aug  5 12:57 init.d
-rw-r--r-- 1 root root       1875 Mar 31  2024 inputrc
drwxr-xr-x 4 root root       4096 Aug  5 12:56 iproute2
-rw-r--r-- 1 root root         26 Aug  1 10:21 issue
-rw-r--r-- 1 root root         19 Aug  1 10:21 issue.net
drwxr-xr-x 4 root root       4096 Aug  5 12:55 kernel
drwxrwxr-x 2 root landscape  4096 Aug  5 12:57 landscape
-rw-r--r-- 1 root root      17515 Jan 28 10:08 ld.so.cache
-rw-r--r-- 1 root root         34 Aug  2  2022 ld.so.conf
drwxr-xr-x 2 root root       4096 Jan 28 10:07 ld.so.conf.d
drwxr-xr-x 2 root root       4096 Aug  5 12:57 ldap
-rw-r--r-- 1 root root        267 Apr 22  2024 legal
-rw-r--r-- 1 root root        191 Mar 30  2024 libaudit.conf
-rw-r--r-- 1 root root       2996 Mar 30  2024 locale.alias
-rw-r--r-- 1 root root         13 Aug  5 12:55 locale.conf
-rw-r--r-- 1 root root       9565 Jan 28 10:07 locale.gen
lrwxrwxrwx 1 root root         35 Jan 29 07:02 localtime -> /usr/share/zoneinfo/America/Toronto
drwxr-xr-x 3 root root       4096 Aug  5 12:55 logcheck
-rw-r--r-- 1 root root      12345 Feb 22  2024 login.defs
-rw-r--r-- 1 root root        586 Apr  8  2024 logrotate.conf
drwxr-xr-x 2 root root       4096 Jan 28 10:07 logrotate.d
-rw-r--r-- 1 root root        104 Aug  1 10:21 lsb-release
-r--r--r-- 1 root root         33 Jan 27 10:45 machine-id
-rw-r--r-- 1 root root        111 Mar 31  2024 magic
-rw-r--r-- 1 root root        111 Mar 31  2024 magic.mime
-rw-r--r-- 1 root root       5230 Apr  8  2024 manpath.config
-rw-r--r-- 1 root root      75113 Jul 12  2023 mime.types
-rw-r--r-- 1 root root        744 Apr  8  2024 mke2fs.conf
drwxr-xr-x 2 root root       4096 Aug  5 12:56 modprobe.d
-rw-r--r-- 1 root root        212 Aug  5 12:55 modules
drwxr-xr-x 2 root root       4096 Aug  5 12:56 modules-load.d
lrwxrwxrwx 1 root root         19 Aug  5 12:55 mtab -> ../proc/self/mounts
-rw-r--r-- 1 root root      11424 May 23  2023 nanorc
-rw-r--r-- 1 root root        767 Mar 30  2024 netconfig
drwxr-xr-x 2 root root       4096 Apr 18  2024 netplan
drwxr-xr-x 4 root root       4096 Aug  5 12:56 network
drwxr-xr-x 8 root root       4096 Aug  5 12:55 networkd-dispatcher
-rw-r--r-- 1 root root         91 Apr 22  2024 networks
drwxr-xr-x 2 root root       4096 Aug  5 12:55 newt
-rw-r--r-- 1 root root        526 Aug  5 12:55 nsswitch.conf
drwxr-xr-x 2 root root       4096 Aug  5 12:55 opt
lrwxrwxrwx 1 root root         21 Aug  1 10:21 os-release -> ../usr/lib/os-release
-rw-r--r-- 1 root root        552 Oct 13  2022 pam.conf
drwxr-xr-x 2 root root       4096 Jan 28 10:07 pam.d
-rw-r--r-- 1 root root       1432 Jan 27 10:48 passwd
-rw-r--r-- 1 root root       1429 Jan 27 10:47 passwd-
drwxr-xr-x 3 root root       4096 Aug  5 12:56 perl
drwxr-xr-x 3 root root       4096 Aug  5 12:57 pm
drwxr-xr-x 3 root root       4096 Aug  5 12:57 polkit-1
-rw-r--r-- 1 root root        582 Apr 22  2024 profile
drwxr-xr-x 2 root root       4096 Aug  5 12:57 profile.d
-rw-r--r-- 1 root root       3144 Oct 17  2022 protocols
drwxr-xr-x 2 root root       4096 Aug  5 12:55 python3
drwxr-xr-x 2 root root       4096 Jan 28 10:07 python3.12
drwxr-xr-x 2 root root       4096 Aug  5 12:57 rc0.d
drwxr-xr-x 2 root root       4096 Aug  5 12:56 rc1.d
drwxr-xr-x 2 root root       4096 Aug  5 12:57 rc2.d
drwxr-xr-x 2 root root       4096 Aug  5 12:57 rc3.d
drwxr-xr-x 2 root root       4096 Aug  5 12:57 rc4.d
drwxr-xr-x 2 root root       4096 Aug  5 12:57 rc5.d
drwxr-xr-x 2 root root       4096 Aug  5 12:57 rc6.d
drwxr-xr-x 2 root root       4096 Aug  5 12:57 rcS.d
lrwxrwxrwx 1 root root         20 Jan 28 09:19 resolv.conf -> /mnt/wsl/resolv.conf
lrwxrwxrwx 1 root root         13 Apr  8  2024 rmt -> /usr/sbin/rmt
-rw-r--r-- 1 root root        911 Oct 17  2022 rpc
-rw-r--r-- 1 root root       1213 Mar 21  2024 rsyslog.conf
drwxr-xr-x 2 root root       4096 Aug  5 12:57 rsyslog.d
drwxr-xr-x 4 root root       4096 Jan 28 10:07 security
drwxr-xr-x 2 root root       4096 Aug  5 12:55 selinux
drwxr-xr-x 2 root root       4096 Aug  5 12:57 sensors.d
-rw-r--r-- 1 root root      10593 Mar 30  2024 sensors3.conf
-rw-r--r-- 1 root root      12813 Mar 27  2021 services
drwxr-xr-x 2 root root       4096 Aug  5 12:57 sgml
-rw-r----- 1 root shadow      805 Jan 27 10:48 shadow
-rw-r----- 1 root shadow      702 Aug  5 12:57 shadow-
-rw-r--r-- 1 root root        132 Aug  5 12:57 shells
drwxr-xr-x 2 root root       4096 Aug  5 12:55 skel
drwxr-xr-x 3 root root       4096 Aug  5 12:57 ssh
drwxr-xr-x 4 root root       4096 Jan 28 10:07 ssl
-rw-r--r-- 1 root root         23 Jan 27 10:47 subgid
-rw-r--r-- 1 root root          0 Aug  5 12:55 subgid-
-rw-r--r-- 1 root root         23 Jan 27 10:47 subuid
-rw-r--r-- 1 root root          0 Aug  5 12:55 subuid-
-rw-r--r-- 1 root root       4343 Apr  8  2024 sudo.conf
-rw-r--r-- 1 root root       9804 Apr  8  2024 sudo_logsrvd.conf
-r--r----- 1 root root       1800 Jan 29  2024 sudoers
drwxr-xr-x 2 root root       4096 Aug  5 12:56 sudoers.d
drwxr-xr-x 2 root root       4096 Aug  5 12:55 supercat
-rw-r--r-- 1 root root       2209 Mar 24  2024 sysctl.conf
drwxr-xr-x 2 root root       4096 Aug  5 12:56 sysctl.d
drwxr-xr-x 6 root root       4096 Aug  5 12:56 systemd
drwxr-xr-x 2 root root       4096 Aug  5 12:55 terminfo
-rw-r--r-- 1 root root         16 Jan 29 07:02 timezone
drwxr-xr-x 2 root root       4096 Apr 19  2024 tmpfiles.d
drwxr-xr-x 2 root root       4096 Aug  5 12:56 ubuntu-advantage
-rw-r--r-- 1 root root       1260 Jan 27  2023 ucf.conf
drwxr-xr-x 4 root root       4096 Aug  5 12:56 udev
drwxr-xr-x 3 root root       4096 Aug  5 12:57 update-manager
drwxr-xr-x 2 root root       4096 Aug  5 12:57 update-motd.d
lrwxrwxrwx 1 root root         16 Aug  5 12:55 vconsole.conf -> default/keyboard
drwxr-xr-x 2 root root       4096 Jan 28 10:07 vim
lrwxrwxrwx 1 root root         23 Feb 26  2024 vtrgb -> /etc/alternatives/vtrgb
drwxr-xr-x 5 root root       4096 Aug  5 12:57 vulkan
-rw-r--r-- 1 root root       4942 Jun 19  2024 wgetrc
-rw-r--r-- 1 root root        204 Aug  5 12:57 wsl-distribution.conf
-rw-r--r-- 1 root root         46 Jan 27 10:48 wsl.conf
-rw-r--r-- 1 root root        681 Apr  8  2024 xattr.conf
drwxr-xr-x 5 root root       4096 Aug  5 12:56 xdg
drwxr-xr-x 2 root root       4096 Aug  5 12:57 xml
-rw-r--r-- 1 root root        460 Jan 20  2023 zsh_command_not_found
prajapali@Paliha:/etc$ cat sysctl.conf
#
# /etc/sysctl.conf - Configuration file for setting system variables
# See /etc/sysctl.d/ for additional system variables.
# See sysctl.conf (5) for information.
#

#kernel.domainname = example.com

# Uncomment the following to stop low-level messages on console
#kernel.printk = 3 4 1 3

###################################################################
# Functions previously found in netbase
#

# Uncomment the next two lines to enable Spoof protection (reverse-path filter)
# Turn on Source Address Verification in all interfaces to
# prevent some spoofing attacks
#net.ipv4.conf.default.rp_filter=1
#net.ipv4.conf.all.rp_filter=1

# Uncomment the next line to enable TCP/IP SYN cookies
# See http://lwn.net/Articles/277146/
# Note: This may impact IPv6 TCP sessions too
#net.ipv4.tcp_syncookies=1

# Uncomment the next line to enable packet forwarding for IPv4
#net.ipv4.ip_forward=1

# Uncomment the next line to enable packet forwarding for IPv6
#  Enabling this option disables Stateless Address Autoconfiguration
#  based on Router Advertisements for this host
#net.ipv6.conf.all.forwarding=1


###################################################################
# Additional settings - these settings can improve the network
# security of the host and prevent against some network attacks
# including spoofing attacks and man in the middle attacks through
# redirection. Some network environments, however, require that these
# settings are disabled so review and enable them as needed.
#
# Do not accept ICMP redirects (prevent MITM attacks)
#net.ipv4.conf.all.accept_redirects = 0
#net.ipv4.conf.default.accept_redirects = 0
# _or_
# Accept ICMP redirects only for gateways listed in our default
# gateway list (enabled by default)
# net.ipv4.conf.all.secure_redirects = 1
#
# Do not send ICMP redirects (we are not a router)
#net.ipv4.conf.all.send_redirects = 0
#
# Log Martian Packets
#net.ipv4.conf.all.log_martians = 1
#

###################################################################
# Magic system request Key
# 0=disable, 1=enable all, >1 bitmask of sysrq functions
# See https://www.kernel.org/doc/html/latest/admin-guide/sysrq.html
# for what other values do
#kernel.sysrq=438

prajapali@Paliha:/etc$ ls -l
total 796
drwxr-xr-x 2 root root       4096 Aug  5 12:57 PackageKit
drwxr-xr-x 7 root root       4096 Aug  5 12:57 X11
-rw-r--r-- 1 root root       3444 Jul  5  2023 adduser.conf
drwxr-xr-x 2 root root       4096 Jan 28 10:07 alternatives
drwxr-xr-x 2 root root       4096 Aug  5 12:57 apparmor
drwxr-xr-x 9 root root       4096 Aug  5 12:57 apparmor.d
drwxr-xr-x 3 root root       4096 Aug  5 12:57 apport
drwxr-xr-x 8 root root       4096 Aug  5 12:57 apt
-rw-r--r-- 1 root root       2319 Mar 31  2024 bash.bashrc
-rw-r--r-- 1 root root         45 Jan 24  2020 bash_completion
drwxr-xr-x 2 root root       4096 Aug  5 12:57 bash_completion.d
-rw-r--r-- 1 root root        367 Aug  2  2022 bindresvport.blacklist
drwxr-xr-x 2 root root       4096 Apr 19  2024 binfmt.d
drwxr-xr-x 2 root root       4096 Aug  5 12:57 byobu
drwxr-xr-x 3 root root       4096 Aug  5 12:55 ca-certificates
-rw-r--r-- 1 root root       6288 Aug  5 12:55 ca-certificates.conf
drwxr-xr-x 5 root root       4096 Jan 27 10:45 cloud
drwxr-xr-x 2 root root       4096 Aug  5 12:55 console-setup
drwx------ 2 root root       4096 Apr 19  2024 credstore
drwx------ 2 root root       4096 Apr 19  2024 credstore.encrypted
drwxr-xr-x 2 root root       4096 Aug  5 12:56 cron.d
drwxr-xr-x 2 root root       4096 Jan 28 10:07 cron.daily
drwxr-xr-x 2 root root       4096 Aug  5 12:55 cron.hourly
drwxr-xr-x 2 root root       4096 Aug  5 12:55 cron.monthly
drwxr-xr-x 2 root root       4096 Aug  5 12:57 cron.weekly
drwxr-xr-x 2 root root       4096 Aug  5 12:55 cron.yearly
-rw-r--r-- 1 root root       1136 Mar 30  2024 crontab
drwxr-xr-x 4 root root       4096 Aug  5 12:55 dbus-1
drwxr-xr-x 3 root root       4096 Aug  5 12:56 dconf
-rw-r--r-- 1 root root       2967 Apr 12  2024 debconf.conf
-rw-r--r-- 1 root root         11 Apr 22  2024 debian_version
drwxr-xr-x 2 root root       4096 Aug  5 12:57 default
-rw-r--r-- 1 root root       1706 Jul  5  2023 deluser.conf
drwxr-xr-x 2 root root       4096 Aug  5 12:56 depmod.d
drwxr-xr-x 3 root root       4096 Aug  5 12:55 dhcp
-rw-r--r-- 1 root root       1429 Mar 31  2024 dhcpcd.conf
drwxr-xr-x 4 root root       4096 Jan 28 10:07 dpkg
-rw-r--r-- 1 root root        685 Apr  8  2024 e2scrub.conf
-rw-r--r-- 1 root root        106 Aug  5 12:55 environment
drwxr-xr-x 2 root root       4096 Aug  5 12:57 environment.d
-rw-r--r-- 1 root root       1853 Oct 17  2022 ethertypes
drwxr-xr-x 4 root root       4096 Aug  5 12:57 fonts
-rw-r--r-- 1 root root         37 Aug  5 12:55 fstab
-rw-r--r-- 1 root root        694 Apr  8  2024 fuse.conf
-rw-r--r-- 1 root root       2584 Jan 30  2024 gai.conf
drwxr-xr-x 3 root root       4096 Aug  5 12:57 glvnd
drwxr-xr-x 2 root root       4096 Aug  5 12:56 gnutls
-rw-r--r-- 1 root root       3986 Mar 10  2025 gprofng.rc
drwxr-xr-x 2 root root       4096 Aug  5 12:57 groff
-rw-r--r-- 1 root root        786 Jan 27 10:48 group
-rw-r--r-- 1 root root        740 Jan 27 10:48 group-
-rw-r----- 1 root shadow      671 Jan 27 10:48 gshadow
-rw-r----- 1 root shadow      625 Jan 27 10:48 gshadow-
drwxr-xr-x 3 root root       4096 Aug  5 12:55 gss
drwxr-xr-x 2 root root       4096 Aug  5 12:57 gtk-3.0
-rw-r--r-- 1 root root         92 Apr 22  2024 host.conf
-rw-r--r-- 1 root root          7 Jan 28 09:19 hostname
-rw-r--r-- 1 root root        409 Jan 28 09:19 hosts
drwxr-xr-x 2 root root       4096 Aug  5 12:57 init.d
-rw-r--r-- 1 root root       1875 Mar 31  2024 inputrc
drwxr-xr-x 4 root root       4096 Aug  5 12:56 iproute2
-rw-r--r-- 1 root root         26 Aug  1 10:21 issue
-rw-r--r-- 1 root root         19 Aug  1 10:21 issue.net
drwxr-xr-x 4 root root       4096 Aug  5 12:55 kernel
drwxrwxr-x 2 root landscape  4096 Aug  5 12:57 landscape
-rw-r--r-- 1 root root      17515 Jan 28 10:08 ld.so.cache
-rw-r--r-- 1 root root         34 Aug  2  2022 ld.so.conf
drwxr-xr-x 2 root root       4096 Jan 28 10:07 ld.so.conf.d
drwxr-xr-x 2 root root       4096 Aug  5 12:57 ldap
-rw-r--r-- 1 root root        267 Apr 22  2024 legal
-rw-r--r-- 1 root root        191 Mar 30  2024 libaudit.conf
-rw-r--r-- 1 root root       2996 Mar 30  2024 locale.alias
-rw-r--r-- 1 root root         13 Aug  5 12:55 locale.conf
-rw-r--r-- 1 root root       9565 Jan 28 10:07 locale.gen
lrwxrwxrwx 1 root root         35 Jan 29 07:02 localtime -> /usr/share/zoneinfo/America/Toronto
drwxr-xr-x 3 root root       4096 Aug  5 12:55 logcheck
-rw-r--r-- 1 root root      12345 Feb 22  2024 login.defs
-rw-r--r-- 1 root root        586 Apr  8  2024 logrotate.conf
drwxr-xr-x 2 root root       4096 Jan 28 10:07 logrotate.d
-rw-r--r-- 1 root root        104 Aug  1 10:21 lsb-release
-r--r--r-- 1 root root         33 Jan 27 10:45 machine-id
-rw-r--r-- 1 root root        111 Mar 31  2024 magic
-rw-r--r-- 1 root root        111 Mar 31  2024 magic.mime
-rw-r--r-- 1 root root       5230 Apr  8  2024 manpath.config
-rw-r--r-- 1 root root      75113 Jul 12  2023 mime.types
-rw-r--r-- 1 root root        744 Apr  8  2024 mke2fs.conf
drwxr-xr-x 2 root root       4096 Aug  5 12:56 modprobe.d
-rw-r--r-- 1 root root        212 Aug  5 12:55 modules
drwxr-xr-x 2 root root       4096 Aug  5 12:56 modules-load.d
lrwxrwxrwx 1 root root         19 Aug  5 12:55 mtab -> ../proc/self/mounts
-rw-r--r-- 1 root root      11424 May 23  2023 nanorc
-rw-r--r-- 1 root root        767 Mar 30  2024 netconfig
drwxr-xr-x 2 root root       4096 Apr 18  2024 netplan
drwxr-xr-x 4 root root       4096 Aug  5 12:56 network
drwxr-xr-x 8 root root       4096 Aug  5 12:55 networkd-dispatcher
-rw-r--r-- 1 root root         91 Apr 22  2024 networks
drwxr-xr-x 2 root root       4096 Aug  5 12:55 newt
-rw-r--r-- 1 root root        526 Aug  5 12:55 nsswitch.conf
drwxr-xr-x 2 root root       4096 Aug  5 12:55 opt
lrwxrwxrwx 1 root root         21 Aug  1 10:21 os-release -> ../usr/lib/os-release
-rw-r--r-- 1 root root        552 Oct 13  2022 pam.conf
drwxr-xr-x 2 root root       4096 Jan 28 10:07 pam.d
-rw-r--r-- 1 root root       1432 Jan 27 10:48 passwd
-rw-r--r-- 1 root root       1429 Jan 27 10:47 passwd-
drwxr-xr-x 3 root root       4096 Aug  5 12:56 perl
drwxr-xr-x 3 root root       4096 Aug  5 12:57 pm
drwxr-xr-x 3 root root       4096 Aug  5 12:57 polkit-1
-rw-r--r-- 1 root root        582 Apr 22  2024 profile
drwxr-xr-x 2 root root       4096 Aug  5 12:57 profile.d
-rw-r--r-- 1 root root       3144 Oct 17  2022 protocols
drwxr-xr-x 2 root root       4096 Aug  5 12:55 python3
drwxr-xr-x 2 root root       4096 Jan 28 10:07 python3.12
drwxr-xr-x 2 root root       4096 Aug  5 12:57 rc0.d
drwxr-xr-x 2 root root       4096 Aug  5 12:56 rc1.d
drwxr-xr-x 2 root root       4096 Aug  5 12:57 rc2.d
drwxr-xr-x 2 root root       4096 Aug  5 12:57 rc3.d
drwxr-xr-x 2 root root       4096 Aug  5 12:57 rc4.d
drwxr-xr-x 2 root root       4096 Aug  5 12:57 rc5.d
drwxr-xr-x 2 root root       4096 Aug  5 12:57 rc6.d
drwxr-xr-x 2 root root       4096 Aug  5 12:57 rcS.d
lrwxrwxrwx 1 root root         20 Jan 28 09:19 resolv.conf -> /mnt/wsl/resolv.conf
lrwxrwxrwx 1 root root         13 Apr  8  2024 rmt -> /usr/sbin/rmt
-rw-r--r-- 1 root root        911 Oct 17  2022 rpc
-rw-r--r-- 1 root root       1213 Mar 21  2024 rsyslog.conf
drwxr-xr-x 2 root root       4096 Aug  5 12:57 rsyslog.d
drwxr-xr-x 4 root root       4096 Jan 28 10:07 security
drwxr-xr-x 2 root root       4096 Aug  5 12:55 selinux
drwxr-xr-x 2 root root       4096 Aug  5 12:57 sensors.d
-rw-r--r-- 1 root root      10593 Mar 30  2024 sensors3.conf
-rw-r--r-- 1 root root      12813 Mar 27  2021 services
drwxr-xr-x 2 root root       4096 Aug  5 12:57 sgml
-rw-r----- 1 root shadow      805 Jan 27 10:48 shadow
-rw-r----- 1 root shadow      702 Aug  5 12:57 shadow-
-rw-r--r-- 1 root root        132 Aug  5 12:57 shells
drwxr-xr-x 2 root root       4096 Aug  5 12:55 skel
drwxr-xr-x 3 root root       4096 Aug  5 12:57 ssh
drwxr-xr-x 4 root root       4096 Jan 28 10:07 ssl
-rw-r--r-- 1 root root         23 Jan 27 10:47 subgid
-rw-r--r-- 1 root root          0 Aug  5 12:55 subgid-
-rw-r--r-- 1 root root         23 Jan 27 10:47 subuid
-rw-r--r-- 1 root root          0 Aug  5 12:55 subuid-
-rw-r--r-- 1 root root       4343 Apr  8  2024 sudo.conf
-rw-r--r-- 1 root root       9804 Apr  8  2024 sudo_logsrvd.conf
-r--r----- 1 root root       1800 Jan 29  2024 sudoers
drwxr-xr-x 2 root root       4096 Aug  5 12:56 sudoers.d
drwxr-xr-x 2 root root       4096 Aug  5 12:55 supercat
-rw-r--r-- 1 root root       2209 Mar 24  2024 sysctl.conf
drwxr-xr-x 2 root root       4096 Aug  5 12:56 sysctl.d
drwxr-xr-x 6 root root       4096 Aug  5 12:56 systemd
drwxr-xr-x 2 root root       4096 Aug  5 12:55 terminfo
-rw-r--r-- 1 root root         16 Jan 29 07:02 timezone
drwxr-xr-x 2 root root       4096 Apr 19  2024 tmpfiles.d
drwxr-xr-x 2 root root       4096 Aug  5 12:56 ubuntu-advantage
-rw-r--r-- 1 root root       1260 Jan 27  2023 ucf.conf
drwxr-xr-x 4 root root       4096 Aug  5 12:56 udev
drwxr-xr-x 3 root root       4096 Aug  5 12:57 update-manager
drwxr-xr-x 2 root root       4096 Aug  5 12:57 update-motd.d
lrwxrwxrwx 1 root root         16 Aug  5 12:55 vconsole.conf -> default/keyboard
drwxr-xr-x 2 root root       4096 Jan 28 10:07 vim
lrwxrwxrwx 1 root root         23 Feb 26  2024 vtrgb -> /etc/alternatives/vtrgb
drwxr-xr-x 5 root root       4096 Aug  5 12:57 vulkan
-rw-r--r-- 1 root root       4942 Jun 19  2024 wgetrc
-rw-r--r-- 1 root root        204 Aug  5 12:57 wsl-distribution.conf
-rw-r--r-- 1 root root         46 Jan 27 10:48 wsl.conf
-rw-r--r-- 1 root root        681 Apr  8  2024 xattr.conf
drwxr-xr-x 5 root root       4096 Aug  5 12:56 xdg
drwxr-xr-x 2 root root       4096 Aug  5 12:57 xml
-rw-r--r-- 1 root root        460 Jan 20  2023 zsh_command_not_found
prajapali@Paliha:/etc$ cd systemd/
prajapali@Paliha:/etc/systemd$ ls -l
total 52
-rw-r--r--  1 root root 1406 Feb 27  2024 journald.conf
-rw-r--r--  1 root root 1663 Apr 19  2024 logind.conf
drwxr-xr-x  2 root root 4096 Apr 19  2024 network
-rw-r--r--  1 root root 1083 Feb 27  2024 networkd.conf
-rw-r--r--  1 root root  879 Feb 27  2024 pstore.conf
-rw-r--r--  1 root root 1551 Apr 19  2024 resolved.conf
-rw-r--r--  1 root root 1060 Feb 27  2024 sleep.conf
drwxr-xr-x 12 root root 4096 Aug  5 12:57 system
drwxr-xr-x  2 root root 4096 Aug  5 12:56 system-generators
-rw-r--r--  1 root root 2318 Apr 19  2024 system.conf
-rw-r--r--  1 root root 1003 Apr 19  2024 timesyncd.conf
drwxr-xr-x  5 root root 4096 Aug  5 12:57 user
-rw-r--r--  1 root root 1768 Apr 19  2024 user.conf
prajapali@Paliha:/etc/systemd$ cd ..
prajapali@Paliha:/etc$ ls -l
total 796
drwxr-xr-x 2 root root       4096 Aug  5 12:57 PackageKit
drwxr-xr-x 7 root root       4096 Aug  5 12:57 X11
-rw-r--r-- 1 root root       3444 Jul  5  2023 adduser.conf
drwxr-xr-x 2 root root       4096 Jan 28 10:07 alternatives
drwxr-xr-x 2 root root       4096 Aug  5 12:57 apparmor
drwxr-xr-x 9 root root       4096 Aug  5 12:57 apparmor.d
drwxr-xr-x 3 root root       4096 Aug  5 12:57 apport
drwxr-xr-x 8 root root       4096 Aug  5 12:57 apt
-rw-r--r-- 1 root root       2319 Mar 31  2024 bash.bashrc
-rw-r--r-- 1 root root         45 Jan 24  2020 bash_completion
drwxr-xr-x 2 root root       4096 Aug  5 12:57 bash_completion.d
-rw-r--r-- 1 root root        367 Aug  2  2022 bindresvport.blacklist
drwxr-xr-x 2 root root       4096 Apr 19  2024 binfmt.d
drwxr-xr-x 2 root root       4096 Aug  5 12:57 byobu
drwxr-xr-x 3 root root       4096 Aug  5 12:55 ca-certificates
-rw-r--r-- 1 root root       6288 Aug  5 12:55 ca-certificates.conf
drwxr-xr-x 5 root root       4096 Jan 27 10:45 cloud
drwxr-xr-x 2 root root       4096 Aug  5 12:55 console-setup
drwx------ 2 root root       4096 Apr 19  2024 credstore
drwx------ 2 root root       4096 Apr 19  2024 credstore.encrypted
drwxr-xr-x 2 root root       4096 Aug  5 12:56 cron.d
drwxr-xr-x 2 root root       4096 Jan 28 10:07 cron.daily
drwxr-xr-x 2 root root       4096 Aug  5 12:55 cron.hourly
drwxr-xr-x 2 root root       4096 Aug  5 12:55 cron.monthly
drwxr-xr-x 2 root root       4096 Aug  5 12:57 cron.weekly
drwxr-xr-x 2 root root       4096 Aug  5 12:55 cron.yearly
-rw-r--r-- 1 root root       1136 Mar 30  2024 crontab
drwxr-xr-x 4 root root       4096 Aug  5 12:55 dbus-1
drwxr-xr-x 3 root root       4096 Aug  5 12:56 dconf
-rw-r--r-- 1 root root       2967 Apr 12  2024 debconf.conf
-rw-r--r-- 1 root root         11 Apr 22  2024 debian_version
drwxr-xr-x 2 root root       4096 Aug  5 12:57 default
-rw-r--r-- 1 root root       1706 Jul  5  2023 deluser.conf
drwxr-xr-x 2 root root       4096 Aug  5 12:56 depmod.d
drwxr-xr-x 3 root root       4096 Aug  5 12:55 dhcp
-rw-r--r-- 1 root root       1429 Mar 31  2024 dhcpcd.conf
drwxr-xr-x 4 root root       4096 Jan 28 10:07 dpkg
-rw-r--r-- 1 root root        685 Apr  8  2024 e2scrub.conf
-rw-r--r-- 1 root root        106 Aug  5 12:55 environment
drwxr-xr-x 2 root root       4096 Aug  5 12:57 environment.d
-rw-r--r-- 1 root root       1853 Oct 17  2022 ethertypes
drwxr-xr-x 4 root root       4096 Aug  5 12:57 fonts
-rw-r--r-- 1 root root         37 Aug  5 12:55 fstab
-rw-r--r-- 1 root root        694 Apr  8  2024 fuse.conf
-rw-r--r-- 1 root root       2584 Jan 30  2024 gai.conf
drwxr-xr-x 3 root root       4096 Aug  5 12:57 glvnd
drwxr-xr-x 2 root root       4096 Aug  5 12:56 gnutls
-rw-r--r-- 1 root root       3986 Mar 10  2025 gprofng.rc
drwxr-xr-x 2 root root       4096 Aug  5 12:57 groff
-rw-r--r-- 1 root root        786 Jan 27 10:48 group
-rw-r--r-- 1 root root        740 Jan 27 10:48 group-
-rw-r----- 1 root shadow      671 Jan 27 10:48 gshadow
-rw-r----- 1 root shadow      625 Jan 27 10:48 gshadow-
drwxr-xr-x 3 root root       4096 Aug  5 12:55 gss
drwxr-xr-x 2 root root       4096 Aug  5 12:57 gtk-3.0
-rw-r--r-- 1 root root         92 Apr 22  2024 host.conf
-rw-r--r-- 1 root root          7 Jan 28 09:19 hostname
-rw-r--r-- 1 root root        409 Jan 28 09:19 hosts
drwxr-xr-x 2 root root       4096 Aug  5 12:57 init.d
-rw-r--r-- 1 root root       1875 Mar 31  2024 inputrc
drwxr-xr-x 4 root root       4096 Aug  5 12:56 iproute2
-rw-r--r-- 1 root root         26 Aug  1 10:21 issue
-rw-r--r-- 1 root root         19 Aug  1 10:21 issue.net
drwxr-xr-x 4 root root       4096 Aug  5 12:55 kernel
drwxrwxr-x 2 root landscape  4096 Aug  5 12:57 landscape
-rw-r--r-- 1 root root      17515 Jan 28 10:08 ld.so.cache
-rw-r--r-- 1 root root         34 Aug  2  2022 ld.so.conf
drwxr-xr-x 2 root root       4096 Jan 28 10:07 ld.so.conf.d
drwxr-xr-x 2 root root       4096 Aug  5 12:57 ldap
-rw-r--r-- 1 root root        267 Apr 22  2024 legal
-rw-r--r-- 1 root root        191 Mar 30  2024 libaudit.conf
-rw-r--r-- 1 root root       2996 Mar 30  2024 locale.alias
-rw-r--r-- 1 root root         13 Aug  5 12:55 locale.conf
-rw-r--r-- 1 root root       9565 Jan 28 10:07 locale.gen
lrwxrwxrwx 1 root root         35 Jan 29 07:02 localtime -> /usr/share/zoneinfo/America/Toronto
drwxr-xr-x 3 root root       4096 Aug  5 12:55 logcheck
-rw-r--r-- 1 root root      12345 Feb 22  2024 login.defs
-rw-r--r-- 1 root root        586 Apr  8  2024 logrotate.conf
drwxr-xr-x 2 root root       4096 Jan 28 10:07 logrotate.d
-rw-r--r-- 1 root root        104 Aug  1 10:21 lsb-release
-r--r--r-- 1 root root         33 Jan 27 10:45 machine-id
-rw-r--r-- 1 root root        111 Mar 31  2024 magic
-rw-r--r-- 1 root root        111 Mar 31  2024 magic.mime
-rw-r--r-- 1 root root       5230 Apr  8  2024 manpath.config
-rw-r--r-- 1 root root      75113 Jul 12  2023 mime.types
-rw-r--r-- 1 root root        744 Apr  8  2024 mke2fs.conf
drwxr-xr-x 2 root root       4096 Aug  5 12:56 modprobe.d
-rw-r--r-- 1 root root        212 Aug  5 12:55 modules
drwxr-xr-x 2 root root       4096 Aug  5 12:56 modules-load.d
lrwxrwxrwx 1 root root         19 Aug  5 12:55 mtab -> ../proc/self/mounts
-rw-r--r-- 1 root root      11424 May 23  2023 nanorc
-rw-r--r-- 1 root root        767 Mar 30  2024 netconfig
drwxr-xr-x 2 root root       4096 Apr 18  2024 netplan
drwxr-xr-x 4 root root       4096 Aug  5 12:56 network
drwxr-xr-x 8 root root       4096 Aug  5 12:55 networkd-dispatcher
-rw-r--r-- 1 root root         91 Apr 22  2024 networks
drwxr-xr-x 2 root root       4096 Aug  5 12:55 newt
-rw-r--r-- 1 root root        526 Aug  5 12:55 nsswitch.conf
drwxr-xr-x 2 root root       4096 Aug  5 12:55 opt
lrwxrwxrwx 1 root root         21 Aug  1 10:21 os-release -> ../usr/lib/os-release
-rw-r--r-- 1 root root        552 Oct 13  2022 pam.conf
drwxr-xr-x 2 root root       4096 Jan 28 10:07 pam.d
-rw-r--r-- 1 root root       1432 Jan 27 10:48 passwd
-rw-r--r-- 1 root root       1429 Jan 27 10:47 passwd-
drwxr-xr-x 3 root root       4096 Aug  5 12:56 perl
drwxr-xr-x 3 root root       4096 Aug  5 12:57 pm
drwxr-xr-x 3 root root       4096 Aug  5 12:57 polkit-1
-rw-r--r-- 1 root root        582 Apr 22  2024 profile
drwxr-xr-x 2 root root       4096 Aug  5 12:57 profile.d
-rw-r--r-- 1 root root       3144 Oct 17  2022 protocols
drwxr-xr-x 2 root root       4096 Aug  5 12:55 python3
drwxr-xr-x 2 root root       4096 Jan 28 10:07 python3.12
drwxr-xr-x 2 root root       4096 Aug  5 12:57 rc0.d
drwxr-xr-x 2 root root       4096 Aug  5 12:56 rc1.d
drwxr-xr-x 2 root root       4096 Aug  5 12:57 rc2.d
drwxr-xr-x 2 root root       4096 Aug  5 12:57 rc3.d
drwxr-xr-x 2 root root       4096 Aug  5 12:57 rc4.d
drwxr-xr-x 2 root root       4096 Aug  5 12:57 rc5.d
drwxr-xr-x 2 root root       4096 Aug  5 12:57 rc6.d
drwxr-xr-x 2 root root       4096 Aug  5 12:57 rcS.d
lrwxrwxrwx 1 root root         20 Jan 28 09:19 resolv.conf -> /mnt/wsl/resolv.conf
lrwxrwxrwx 1 root root         13 Apr  8  2024 rmt -> /usr/sbin/rmt
-rw-r--r-- 1 root root        911 Oct 17  2022 rpc
-rw-r--r-- 1 root root       1213 Mar 21  2024 rsyslog.conf
drwxr-xr-x 2 root root       4096 Aug  5 12:57 rsyslog.d
drwxr-xr-x 4 root root       4096 Jan 28 10:07 security
drwxr-xr-x 2 root root       4096 Aug  5 12:55 selinux
drwxr-xr-x 2 root root       4096 Aug  5 12:57 sensors.d
-rw-r--r-- 1 root root      10593 Mar 30  2024 sensors3.conf
-rw-r--r-- 1 root root      12813 Mar 27  2021 services
drwxr-xr-x 2 root root       4096 Aug  5 12:57 sgml
-rw-r----- 1 root shadow      805 Jan 27 10:48 shadow
-rw-r----- 1 root shadow      702 Aug  5 12:57 shadow-
-rw-r--r-- 1 root root        132 Aug  5 12:57 shells
drwxr-xr-x 2 root root       4096 Aug  5 12:55 skel
drwxr-xr-x 3 root root       4096 Aug  5 12:57 ssh
drwxr-xr-x 4 root root       4096 Jan 28 10:07 ssl
-rw-r--r-- 1 root root         23 Jan 27 10:47 subgid
-rw-r--r-- 1 root root          0 Aug  5 12:55 subgid-
-rw-r--r-- 1 root root         23 Jan 27 10:47 subuid
-rw-r--r-- 1 root root          0 Aug  5 12:55 subuid-
-rw-r--r-- 1 root root       4343 Apr  8  2024 sudo.conf
-rw-r--r-- 1 root root       9804 Apr  8  2024 sudo_logsrvd.conf
-r--r----- 1 root root       1800 Jan 29  2024 sudoers
drwxr-xr-x 2 root root       4096 Aug  5 12:56 sudoers.d
drwxr-xr-x 2 root root       4096 Aug  5 12:55 supercat
-rw-r--r-- 1 root root       2209 Mar 24  2024 sysctl.conf
drwxr-xr-x 2 root root       4096 Aug  5 12:56 sysctl.d
drwxr-xr-x 6 root root       4096 Aug  5 12:56 systemd
drwxr-xr-x 2 root root       4096 Aug  5 12:55 terminfo
-rw-r--r-- 1 root root         16 Jan 29 07:02 timezone
drwxr-xr-x 2 root root       4096 Apr 19  2024 tmpfiles.d
drwxr-xr-x 2 root root       4096 Aug  5 12:56 ubuntu-advantage
-rw-r--r-- 1 root root       1260 Jan 27  2023 ucf.conf
drwxr-xr-x 4 root root       4096 Aug  5 12:56 udev
drwxr-xr-x 3 root root       4096 Aug  5 12:57 update-manager
drwxr-xr-x 2 root root       4096 Aug  5 12:57 update-motd.d
lrwxrwxrwx 1 root root         16 Aug  5 12:55 vconsole.conf -> default/keyboard
drwxr-xr-x 2 root root       4096 Jan 28 10:07 vim
lrwxrwxrwx 1 root root         23 Feb 26  2024 vtrgb -> /etc/alternatives/vtrgb
drwxr-xr-x 5 root root       4096 Aug  5 12:57 vulkan
-rw-r--r-- 1 root root       4942 Jun 19  2024 wgetrc
-rw-r--r-- 1 root root        204 Aug  5 12:57 wsl-distribution.conf
-rw-r--r-- 1 root root         46 Jan 27 10:48 wsl.conf
-rw-r--r-- 1 root root        681 Apr  8  2024 xattr.conf
drwxr-xr-x 5 root root       4096 Aug  5 12:56 xdg
drwxr-xr-x 2 root root       4096 Aug  5 12:57 xml
-rw-r--r-- 1 root root        460 Jan 20  2023 zsh_command_not_found
prajapali@Paliha:/etc$ cat os-release
PRETTY_NAME="Ubuntu 24.04.3 LTS"
NAME="Ubuntu"
VERSION_ID="24.04"
VERSION="24.04.3 LTS (Noble Numbat)"
VERSION_CODENAME=noble
ID=ubuntu
ID_LIKE=debian
HOME_URL="https://www.ubuntu.com/"
SUPPORT_URL="https://help.ubuntu.com/"
BUG_REPORT_URL="https://bugs.launchpad.net/ubuntu/"
PRIVACY_POLICY_URL="https://www.ubuntu.com/legal/terms-and-policies/privacy-policy"
UBUNTU_CODENAME=noble
LOGO=ubuntu-logo
prajapali@Paliha:/etc$
